Servidor rodando na porta 3000
[JOB_STARTED] { jobKey: 'table-account.payment-expiration' }
[JOB_COMPLETED] { jobKey: 'table-account.payment-expiration' }
[JOB_STARTED] { jobKey: 'table-account.payment-expiration' }
[JOB_COMPLETED] { jobKey: 'table-account.payment-expiration' }
[JOB_STARTED] { jobKey: 'table-account.payment-expiration' }
[JOB_COMPLETED] { jobKey: 'table-account.payment-expiration' }
[JOB_STARTED] { jobKey: 'table-account.payment-expiration' }
[JOB_COMPLETED] { jobKey: 'table-account.payment-expiration' }
[JOB_STARTED] { jobKey: 'table-account.payment-expiration' }
[JOB_COMPLETED] { jobKey: 'table-account.payment-expiration' }
[JOB_STARTED] { jobKey: 'table-account.payment-expiration' }
[JOB_COMPLETED] { jobKey: 'table-account.payment-expiration' }
[JOB_STARTED] { jobKey: 'table-account.payment-expiration' }
[JOB_COMPLETED] { jobKey: 'table-account.payment-expiration' }
[JOB_STARTED] { jobKey: 'table-account.payment-expiration' }
[JOB_COMPLETED] { jobKey: 'table-account.payment-expiration' }
[JOB_STARTED] { jobKey: 'table-account.payment-expiration' }
[JOB_COMPLETED] { jobKey: 'table-account.payment-expiration' }
[JOB_STARTED] { jobKey: 'table-account.payment-expiration' }
[JOB_COMPLETED] { jobKey: 'table-account.payment-expiration' }
[JOB_STARTED] { jobKey: 'table-account.payment-expiration' }
[JOB_COMPLETED] { jobKey: 'table-account.payment-expiration' }
[JOB_STARTED] { jobKey: 'table-account.payment-expiration' }
[JOB_COMPLETED] { jobKey: 'table-account.payment-expiration' }
[JOB_STARTED] { jobKey: 'table-account.payment-expiration' }
[JOB_COMPLETED] { jobKey: 'table-account.payment-expiration' }
[JOB_STARTED] { jobKey: 'table-account.payment-expiration' }
[JOB_COMPLETED] { jobKey: 'table-account.payment-expiration' }
[JOB_STARTED] { jobKey: 'table-account.payment-expiration' }
[JOB_COMPLETED] { jobKey: 'table-account.payment-expiration' }
[JOB_STARTED] { jobKey: 'table-account.payment-expiration' }
[JOB_COMPLETED] { jobKey: 'table-account.payment-expiration' }
[JOB_STARTED] { jobKey: 'table-account.payment-expiration' }
[JOB_COMPLETED] { jobKey: 'table-account.payment-expiration' }
[JOB_STARTED] { jobKey: 'table-account.payment-expiration' }
[JOB_COMPLETED] { jobKey: 'table-account.payment-expiration' }
[JOB_STARTED] { jobKey: 'table-account.payment-expiration' }
[JOB_COMPLETED] { jobKey: 'table-account.payment-expiration' }
[JOB_STARTED] { jobKey: 'table-account.payment-expiration' }
[JOB_COMPLETED] { jobKey: 'table-account.payment-expiration' }
08:21:32 [tsx] change in ./src\modules\orders\services\CreateOrderService.ts Restarting...
c08:21:35 [tsx] change in ./src\modules\orders\controllers\CreateOrderController.ts Restarting...
cServidor rodando na porta 3000
08:22:20 [tsx] change in ./src\modules\orders\services\CreateOrderService.ts Restarting...
cServidor rodando na porta 3000
[JOB_STARTED] { jobKey: 'table-account.payment-expiration' }
[JOB_COMPLETED] { jobKey: 'table-account.payment-expiration' }
[JOB_STARTED] { jobKey: 'table-account.payment-expiration' }
[JOB_COMPLETED] { jobKey: 'table-account.payment-expiration' }
08:23:43 [tsx] change in ./src\modules\orders\controllers\ListOrdersController.ts Restarting...
c08:23:46 [tsx] change in ./src\modules\orders\controllers\ListMyOrdersController.ts Restarting...
cServidor rodando na porta 3000
[JOB_STARTED] { jobKey: 'table-account.payment-expiration' }
[JOB_COMPLETED] { jobKey: 'table-account.payment-expiration' }
[JOB_STARTED] { jobKey: 'table-account.payment-expiration' }
[JOB_COMPLETED] { jobKey: 'table-account.payment-expiration' }
08:25:51 [tsx] change in ./src\modules\orders\routes\orderRoutes.ts Restarting...
cServidor rodando na porta 3000
[JOB_STARTED] { jobKey: 'table-account.payment-expiration' }
[JOB_COMPLETED] { jobKey: 'table-account.payment-expiration' }
[JOB_STARTED] { jobKey: 'table-account.payment-expiration' }
[JOB_COMPLETED] { jobKey: 'table-account.payment-expiration' }
[JOB_STARTED] { jobKey: 'table-account.payment-expiration' }
[JOB_COMPLETED] { jobKey: 'table-account.payment-expiration' }
[JOB_STARTED] { jobKey: 'table-account.payment-expiration' }
[JOB_COMPLETED] { jobKey: 'table-account.payment-expiration' }
[JOB_STARTED] { jobKey: 'table-account.payment-expiration' }
[JOB_COMPLETED] { jobKey: 'table-account.payment-expiration' }
[JOB_STARTED] { jobKey: 'table-account.payment-expiration' }
[JOB_COMPLETED] { jobKey: 'table-account.payment-expiration' }
[JOB_STARTED] { jobKey: 'table-account.payment-expiration' }
[JOB_COMPLETED] { jobKey: 'table-account.payment-expiration' }
[JOB_STARTED] { jobKey: 'table-account.payment-expiration' }
[JOB_COMPLETED] { jobKey: 'table-account.payment-expiration' }
[JOB_STARTED] { jobKey: 'table-account.payment-expiration' }
[JOB_COMPLETED] { jobKey: 'table-account.payment-expiration' }
[JOB_STARTED] { jobKey: 'table-account.payment-expiration' }
[JOB_COMPLETED] { jobKey: 'table-account.payment-expiration' }
[JOB_STARTED] { jobKey: 'table-account.payment-expiration' }
[JOB_COMPLETED] { jobKey: 'table-account.payment-expiration' }
[JOB_STARTED] { jobKey: 'table-account.payment-expiration' }
[JOB_COMPLETED] { jobKey: 'table-account.payment-expiration' }
[JOB_STARTED] { jobKey: 'table-account.payment-expiration' }
[JOB_COMPLETED] { jobKey: 'table-account.payment-expiration' }
[JOB_STARTED] { jobKey: 'table-account.payment-expiration' }
[JOB_COMPLETED] { jobKey: 'table-account.payment-expiration' }
[JOB_STARTED] { jobKey: 'table-account.payment-expiration' }
[JOB_COMPLETED] { jobKey: 'table-account.payment-expiration' }
[JOB_STARTED] { jobKey: 'table-account.payment-expiration' }
[JOB_COMPLETED] { jobKey: 'table-account.payment-expiration' }
[JOB_STARTED] { jobKey: 'table-account.payment-expiration' }
[JOB_COMPLETED] { jobKey: 'table-account.payment-expiration' }
[JOB_STARTED] { jobKey: 'table-account.payment-expiration' }
[JOB_COMPLETED] { jobKey: 'table-account.payment-expiration' }
[JOB_STARTED] { jobKey: 'table-account.payment-expiration' }
[JOB_COMPLETED] { jobKey: 'table-account.payment-expiration' }
[JOB_STARTED] { jobKey: 'table-account.payment-expiration' }
[JOB_COMPLETED] { jobKey: 'table-account.payment-expiration' }
[JOB_STARTED] { jobKey: 'table-account.payment-expiration' }
[JOB_COMPLETED] { jobKey: 'table-account.payment-expiration' }
[JOB_STARTED] { jobKey: 'table-account.payment-expiration' }
[JOB_COMPLETED] { jobKey: 'table-account.payment-expiration' }
[JOB_STARTED] { jobKey: 'table-account.payment-expiration' }
[JOB_COMPLETED] { jobKey: 'table-account.payment-expiration' }
[JOB_STARTED] { jobKey: 'table-account.payment-expiration' }
[JOB_COMPLETED] { jobKey: 'table-account.payment-expiration' }
[JOB_STARTED] { jobKey: 'table-account.payment-expiration' }
[JOB_COMPLETED] { jobKey: 'table-account.payment-expiration' }
[JOB_STARTED] { jobKey: 'table-account.payment-expiration' }
[JOB_COMPLETED] { jobKey: 'table-account.payment-expiration' }
[JOB_STARTED] { jobKey: 'table-account.payment-expiration' }
[JOB_COMPLETED] { jobKey: 'table-account.payment-expiration' }
[JOB_STARTED] { jobKey: 'table-account.payment-expiration' }
[JOB_COMPLETED] { jobKey: 'table-account.payment-expiration' }
[JOB_STARTED] { jobKey: 'table-account.payment-expiration' }
[JOB_COMPLETED] { jobKey: 'table-account.payment-expiration' }
[JOB_STARTED] { jobKey: 'table-account.payment-expiration' }
[JOB_COMPLETED] { jobKey: 'table-account.payment-expiration' }
[JOB_STARTED] { jobKey: 'table-account.payment-expiration' }
[JOB_COMPLETED] { jobKey: 'table-account.payment-expiration' }
[JOB_STARTED] { jobKey: 'table-account.payment-expiration' }
[JOB_COMPLETED] { jobKey: 'table-account.payment-expiration' }
[JOB_STARTED] { jobKey: 'table-account.payment-expiration' }
[JOB_COMPLETED] { jobKey: 'table-account.payment-expiration' }
[JOB_STARTED] { jobKey: 'table-account.payment-expiration' }
[JOB_COMPLETED] { jobKey: 'table-account.payment-expiration' }
[JOB_STARTED] { jobKey: 'table-account.payment-expiration' }
[JOB_COMPLETED] { jobKey: 'table-account.payment-expiration' }
[JOB_STARTED] { jobKey: 'table-account.payment-expiration' }
[JOB_COMPLETED] { jobKey: 'table-account.payment-expiration' }
[JOB_STARTED] { jobKey: 'table-account.payment-expiration' }
[JOB_COMPLETED] { jobKey: 'table-account.payment-expiration' }
[JOB_STARTED] { jobKey: 'table-account.payment-expiration' }
[JOB_COMPLETED] { jobKey: 'table-account.payment-expiration' }
[JOB_STARTED] { jobKey: 'table-account.payment-expiration' }
[JOB_COMPLETED] { jobKey: 'table-account.payment-expiration' }
[JOB_STARTED] { jobKey: 'table-account.payment-expiration' }
[JOB_COMPLETED] { jobKey: 'table-account.payment-expiration' }
[JOB_STARTED] { jobKey: 'table-account.payment-expiration' }
[JOB_COMPLETED] { jobKey: 'table-account.payment-expiration' }
[JOB_STARTED] { jobKey: 'table-account.payment-expiration' }
[JOB_COMPLETED] { jobKey: 'table-account.payment-expiration' }
[JOB_STARTED] { jobKey: 'table-account.payment-expiration' }
[JOB_COMPLETED] { jobKey: 'table-account.payment-expiration' }
[JOB_STARTED] { jobKey: 'table-account.payment-expiration' }
[JOB_COMPLETED] { jobKey: 'table-account.payment-expiration' }
[JOB_STARTED] { jobKey: 'table-account.payment-expiration' }
[JOB_COMPLETED] { jobKey: 'table-account.payment-expiration' }
[JOB_STARTED] { jobKey: 'table-account.payment-expiration' }
[JOB_COMPLETED] { jobKey: 'table-account.payment-expiration' }
[JOB_STARTED] { jobKey: 'table-account.payment-expiration' }
[JOB_COMPLETED] { jobKey: 'table-account.payment-expiration' }
[JOB_STARTED] { jobKey: 'table-account.payment-expiration' }
[JOB_COMPLETED] { jobKey: 'table-account.payment-expiration' }
[JOB_STARTED] { jobKey: 'table-account.payment-expiration' }
[JOB_COMPLETED] { jobKey: 'table-account.payment-expiration' }
[JOB_STARTED] { jobKey: 'table-account.payment-expiration' }
[JOB_COMPLETED] { jobKey: 'table-account.payment-expiration' }
[JOB_STARTED] { jobKey: 'table-account.payment-expiration' }
[JOB_COMPLETED] { jobKey: 'table-account.payment-expiration' }
[JOB_STARTED] { jobKey: 'table-account.payment-expiration' }
[JOB_COMPLETED] { jobKey: 'table-account.payment-expiration' }
[JOB_STARTED] { jobKey: 'table-account.payment-expiration' }
[JOB_COMPLETED] { jobKey: 'table-account.payment-expiration' }
[JOB_STARTED] { jobKey: 'table-account.payment-expiration' }
[JOB_COMPLETED] { jobKey: 'table-account.payment-expiration' }
[JOB_STARTED] { jobKey: 'table-account.payment-expiration' }
[JOB_COMPLETED] { jobKey: 'table-account.payment-expiration' }
[JOB_STARTED] { jobKey: 'table-account.payment-expiration' }
[JOB_COMPLETED] { jobKey: 'table-account.payment-expiration' }
[JOB_STARTED] { jobKey: 'table-account.payment-expiration' }
[JOB_COMPLETED] { jobKey: 'table-account.payment-expiration' }
[JOB_STARTED] { jobKey: 'table-account.payment-expiration' }
[JOB_COMPLETED] { jobKey: 'table-account.payment-expiration' }
[JOB_STARTED] { jobKey: 'table-account.payment-expiration' }
[JOB_COMPLETED] { jobKey: 'table-account.payment-expiration' }
[JOB_STARTED] { jobKey: 'table-account.payment-expiration' }
[JOB_COMPLETED] { jobKey: 'table-account.payment-expiration' }
[JOB_STARTED] { jobKey: 'table-account.payment-expiration' }
[JOB_COMPLETED] { jobKey: 'table-account.payment-expiration' }
[JOB_STARTED] { jobKey: 'table-account.payment-expiration' }
[JOB_COMPLETED] { jobKey: 'table-account.payment-expiration' }
[JOB_STARTED] { jobKey: 'table-account.payment-expiration' }
[JOB_COMPLETED] { jobKey: 'table-account.payment-expiration' }
[JOB_STARTED] { jobKey: 'table-account.payment-expiration' }
[JOB_COMPLETED] { jobKey: 'table-account.payment-expiration' }
[JOB_STARTED] { jobKey: 'table-account.payment-expiration' }
[JOB_COMPLETED] { jobKey: 'table-account.payment-expiration' }
[JOB_STARTED] { jobKey: 'table-account.payment-expiration' }
[JOB_COMPLETED] { jobKey: 'table-account.payment-expiration' }
[JOB_STARTED] { jobKey: 'table-account.payment-expiration' }
[JOB_COMPLETED] { jobKey: 'table-account.payment-expiration' }
[JOB_STARTED] { jobKey: 'table-account.payment-expiration' }
[JOB_COMPLETED] { jobKey: 'table-account.payment-expiration' }
[JOB_STARTED] { jobKey: 'table-account.payment-expiration' }
[JOB_COMPLETED] { jobKey: 'table-account.payment-expiration' }
[JOB_STARTED] { jobKey: 'table-account.payment-expiration' }
[JOB_COMPLETED] { jobKey: 'table-account.payment-expiration' }
[JOB_STARTED] { jobKey: 'table-account.payment-expiration' }
[JOB_COMPLETED] { jobKey: 'table-account.payment-expiration' }
[JOB_STARTED] { jobKey: 'table-account.payment-expiration' }
[JOB_COMPLETED] { jobKey: 'table-account.payment-expiration' }
[JOB_STARTED] { jobKey: 'table-account.payment-expiration' }
[JOB_COMPLETED] { jobKey: 'table-account.payment-expiration' }
[JOB_STARTED] { jobKey: 'table-account.payment-expiration' }
[JOB_COMPLETED] { jobKey: 'table-account.payment-expiration' }
[JOB_STARTED] { jobKey: 'table-account.payment-expiration' }
[JOB_COMPLETED] { jobKey: 'table-account.payment-expiration' }
[JOB_STARTED] { jobKey: 'table-account.payment-expiration' }
[JOB_COMPLETED] { jobKey: 'table-account.payment-expiration' }
[JOB_STARTED] { jobKey: 'table-account.payment-expiration' }
[JOB_COMPLETED] { jobKey: 'table-account.payment-expiration' }
[JOB_STARTED] { jobKey: 'table-account.payment-expiration' }
[JOB_COMPLETED] { jobKey: 'table-account.payment-expiration' }
[JOB_STARTED] { jobKey: 'table-account.payment-expiration' }
[JOB_COMPLETED] { jobKey: 'table-account.payment-expiration' }
[JOB_STARTED] { jobKey: 'table-account.payment-expiration' }
[JOB_COMPLETED] { jobKey: 'table-account.payment-expiration' }
[JOB_STARTED] { jobKey: 'table-account.payment-expiration' }
[JOB_COMPLETED] { jobKey: 'table-account.payment-expiration' }
[JOB_STARTED] { jobKey: 'table-account.payment-expiration' }
[JOB_COMPLETED] { jobKey: 'table-account.payment-expiration' }
[JOB_STARTED] { jobKey: 'table-account.payment-expiration' }
[JOB_COMPLETED] { jobKey: 'table-account.payment-expiration' }
[JOB_STARTED] { jobKey: 'table-account.payment-expiration' }
[JOB_COMPLETED] { jobKey: 'table-account.payment-expiration' }
[JOB_STARTED] { jobKey: 'table-account.payment-expiration' }
[JOB_COMPLETED] { jobKey: 'table-account.payment-expiration' }
[JOB_STARTED] { jobKey: 'table-account.payment-expiration' }
[JOB_COMPLETED] { jobKey: 'table-account.payment-expiration' }
[JOB_STARTED] { jobKey: 'table-account.payment-expiration' }
[JOB_COMPLETED] { jobKey: 'table-account.payment-expiration' }
[JOB_STARTED] { jobKey: 'table-account.payment-expiration' }
[JOB_COMPLETED] { jobKey: 'table-account.payment-expiration' }
[JOB_STARTED] { jobKey: 'table-account.payment-expiration' }
[JOB_COMPLETED] { jobKey: 'table-account.payment-expiration' }
[JOB_STARTED] { jobKey: 'table-account.payment-expiration' }
[JOB_COMPLETED] { jobKey: 'table-account.payment-expiration' }
[JOB_STARTED] { jobKey: 'table-account.payment-expiration' }
[JOB_COMPLETED] { jobKey: 'table-account.payment-expiration' }
[JOB_STARTED] { jobKey: 'table-account.payment-expiration' }
[JOB_COMPLETED] { jobKey: 'table-account.payment-expiration' }
[JOB_STARTED] { jobKey: 'table-account.payment-expiration' }
[JOB_COMPLETED] { jobKey: 'table-account.payment-expiration' }
[JOB_STARTED] { jobKey: 'table-account.payment-expiration' }
[JOB_COMPLETED] { jobKey: 'table-account.payment-expiration' }
[JOB_STARTED] { jobKey: 'table-account.payment-expiration' }
[JOB_COMPLETED] { jobKey: 'table-account.payment-expiration' }
[JOB_STARTED] { jobKey: 'table-account.payment-expiration' }
[JOB_COMPLETED] { jobKey: 'table-account.payment-expiration' }
[JOB_STARTED] { jobKey: 'table-account.payment-expiration' }
[JOB_COMPLETED] { jobKey: 'table-account.payment-expiration' }
[JOB_STARTED] { jobKey: 'table-account.payment-expiration' }
[JOB_COMPLETED] { jobKey: 'table-account.payment-expiration' }
[JOB_STARTED] { jobKey: 'table-account.payment-expiration' }
[JOB_COMPLETED] { jobKey: 'table-account.payment-expiration' }
[JOB_STARTED] { jobKey: 'table-account.payment-expiration' }
[JOB_COMPLETED] { jobKey: 'table-account.payment-expiration' }
[JOB_STARTED] { jobKey: 'table-account.payment-expiration' }
[JOB_COMPLETED] { jobKey: 'table-account.payment-expiration' }
[JOB_STARTED] { jobKey: 'table-account.payment-expiration' }
[JOB_COMPLETED] { jobKey: 'table-account.payment-expiration' }
[JOB_STARTED] { jobKey: 'table-account.payment-expiration' }
[JOB_COMPLETED] { jobKey: 'table-account.payment-expiration' }
[JOB_STARTED] { jobKey: 'table-account.payment-expiration' }
[JOB_COMPLETED] { jobKey: 'table-account.payment-expiration' }
[JOB_STARTED] { jobKey: 'table-account.payment-expiration' }
[JOB_COMPLETED] { jobKey: 'table-account.payment-expiration' }
[JOB_STARTED] { jobKey: 'table-account.payment-expiration' }
[JOB_COMPLETED] { jobKey: 'table-account.payment-expiration' }
[JOB_STARTED] { jobKey: 'table-account.payment-expiration' }
[JOB_COMPLETED] { jobKey: 'table-account.payment-expiration' }
[JOB_STARTED] { jobKey: 'table-account.payment-expiration' }
[JOB_COMPLETED] { jobKey: 'table-account.payment-expiration' }
[JOB_STARTED] { jobKey: 'table-account.payment-expiration' }
[JOB_COMPLETED] { jobKey: 'table-account.payment-expiration' }
[JOB_STARTED] { jobKey: 'table-account.payment-expiration' }
[JOB_COMPLETED] { jobKey: 'table-account.payment-expiration' }
[JOB_STARTED] { jobKey: 'table-account.payment-expiration' }
[JOB_COMPLETED] { jobKey: 'table-account.payment-expiration' }
[JOB_STARTED] { jobKey: 'table-account.payment-expiration' }
[JOB_COMPLETED] { jobKey: 'table-account.payment-expiration' }
[JOB_STARTED] { jobKey: 'table-account.payment-expiration' }
[JOB_COMPLETED] { jobKey: 'table-account.payment-expiration' }
[JOB_STARTED] { jobKey: 'table-account.payment-expiration' }
[JOB_COMPLETED] { jobKey: 'table-account.payment-expiration' }
[JOB_STARTED] { jobKey: 'table-account.payment-expiration' }
[JOB_COMPLETED] { jobKey: 'table-account.payment-expiration' }
[JOB_STARTED] { jobKey: 'table-account.payment-expiration' }
[JOB_COMPLETED] { jobKey: 'table-account.payment-expiration' }
[JOB_STARTED] { jobKey: 'table-account.payment-expiration' }
[JOB_COMPLETED] { jobKey: 'table-account.payment-expiration' }
[JOB_STARTED] { jobKey: 'table-account.payment-expiration' }
[JOB_COMPLETED] { jobKey: 'table-account.payment-expiration' }
[JOB_STARTED] { jobKey: 'table-account.payment-expiration' }
[JOB_COMPLETED] { jobKey: 'table-account.payment-expiration' }
[JOB_STARTED] { jobKey: 'table-account.payment-expiration' }
[JOB_COMPLETED] { jobKey: 'table-account.payment-expiration' }
[JOB_STARTED] { jobKey: 'table-account.payment-expiration' }
[JOB_COMPLETED] { jobKey: 'table-account.payment-expiration' }
[JOB_STARTED] { jobKey: 'table-account.payment-expiration' }
[JOB_COMPLETED] { jobKey: 'table-account.payment-expiration' }
[JOB_STARTED] { jobKey: 'table-account.payment-expiration' }
[JOB_COMPLETED] { jobKey: 'table-account.payment-expiration' }
[JOB_STARTED] { jobKey: 'table-account.payment-expiration' }
[JOB_COMPLETED] { jobKey: 'table-account.payment-expiration' }
[JOB_STARTED] { jobKey: 'table-account.payment-expiration' }
[JOB_COMPLETED] { jobKey: 'table-account.payment-expiration' }
[JOB_STARTED] { jobKey: 'table-account.payment-expiration' }
[JOB_COMPLETED] { jobKey: 'table-account.payment-expiration' }
[JOB_STARTED] { jobKey: 'table-account.payment-expiration' }
[JOB_COMPLETED] { jobKey: 'table-account.payment-expiration' }
[JOB_STARTED] { jobKey: 'table-account.payment-expiration' }
[JOB_COMPLETED] { jobKey: 'table-account.payment-expiration' }
[JOB_STARTED] { jobKey: 'table-account.payment-expiration' }
[JOB_COMPLETED] { jobKey: 'table-account.payment-expiration' }
[JOB_STARTED] { jobKey: 'table-account.payment-expiration' }
[JOB_COMPLETED] { jobKey: 'table-account.payment-expiration' }
[JOB_STARTED] { jobKey: 'table-account.payment-expiration' }
[JOB_COMPLETED] { jobKey: 'table-account.payment-expiration' }
[JOB_STARTED] { jobKey: 'table-account.payment-expiration' }
[JOB_COMPLETED] { jobKey: 'table-account.payment-expiration' }
[JOB_STARTED] { jobKey: 'table-account.payment-expiration' }
[JOB_COMPLETED] { jobKey: 'table-account.payment-expiration' }
[JOB_STARTED] { jobKey: 'table-account.payment-expiration' }
[JOB_COMPLETED] { jobKey: 'table-account.payment-expiration' }
[JOB_STARTED] { jobKey: 'table-account.payment-expiration' }
[JOB_COMPLETED] { jobKey: 'table-account.payment-expiration' }
[JOB_STARTED] { jobKey: 'table-account.payment-expiration' }
[JOB_COMPLETED] { jobKey: 'table-account.payment-expiration' }
[JOB_STARTED] { jobKey: 'table-account.payment-expiration' }
[JOB_COMPLETED] { jobKey: 'table-account.payment-expiration' }
[JOB_STARTED] { jobKey: 'table-account.payment-expiration' }
[JOB_COMPLETED] { jobKey: 'table-account.payment-expiration' }
[JOB_STARTED] { jobKey: 'table-account.payment-expiration' }
[JOB_COMPLETED] { jobKey: 'table-account.payment-expiration' }
[JOB_STARTED] { jobKey: 'table-account.payment-expiration' }
[JOB_COMPLETED] { jobKey: 'table-account.payment-expiration' }
[JOB_STARTED] { jobKey: 'table-account.payment-expiration' }
[JOB_COMPLETED] { jobKey: 'table-account.payment-expiration' }
[JOB_STARTED] { jobKey: 'table-account.payment-expiration' }
[JOB_COMPLETED] { jobKey: 'table-account.payment-expiration' }
[JOB_STARTED] { jobKey: 'table-account.payment-expiration' }
[JOB_COMPLETED] { jobKey: 'table-account.payment-expiration' }
[JOB_STARTED] { jobKey: 'table-account.payment-expiration' }
[JOB_COMPLETED] { jobKey: 'table-account.payment-expiration' }
[JOB_STARTED] { jobKey: 'table-account.payment-expiration' }
[JOB_COMPLETED] { jobKey: 'table-account.payment-expiration' }
[JOB_STARTED] { jobKey: 'table-account.payment-expiration' }
[JOB_COMPLETED] { jobKey: 'table-account.payment-expiration' }
[JOB_STARTED] { jobKey: 'table-account.payment-expiration' }
[JOB_COMPLETED] { jobKey: 'table-account.payment-expiration' }
[JOB_STARTED] { jobKey: 'table-account.payment-expiration' }
[JOB_COMPLETED] { jobKey: 'table-account.payment-expiration' }
[JOB_STARTED] { jobKey: 'table-account.payment-expiration' }
[JOB_COMPLETED] { jobKey: 'table-account.payment-expiration' }
[JOB_STARTED] { jobKey: 'table-account.payment-expiration' }
[JOB_COMPLETED] { jobKey: 'table-account.payment-expiration' }
[JOB_STARTED] { jobKey: 'table-account.payment-expiration' }
[JOB_COMPLETED] { jobKey: 'table-account.payment-expiration' }
[JOB_STARTED] { jobKey: 'table-account.payment-expiration' }
[JOB_COMPLETED] { jobKey: 'table-account.payment-expiration' }
[JOB_STARTED] { jobKey: 'table-account.payment-expiration' }
[JOB_COMPLETED] { jobKey: 'table-account.payment-expiration' }
[JOB_STARTED] { jobKey: 'table-account.payment-expiration' }
[JOB_COMPLETED] { jobKey: 'table-account.payment-expiration' }
[JOB_STARTED] { jobKey: 'table-account.payment-expiration' }
[JOB_COMPLETED] { jobKey: 'table-account.payment-expiration' }
[JOB_STARTED] { jobKey: 'table-account.payment-expiration' }
[JOB_COMPLETED] { jobKey: 'table-account.payment-expiration' }
[JOB_STARTED] { jobKey: 'table-account.payment-expiration' }
[JOB_COMPLETED] { jobKey: 'table-account.payment-expiration' }
[JOB_STARTED] { jobKey: 'table-account.payment-expiration' }
[JOB_COMPLETED] { jobKey: 'table-account.payment-expiration' }
[JOB_STARTED] { jobKey: 'table-account.payment-expiration' }
[JOB_COMPLETED] { jobKey: 'table-account.payment-expiration' }
[JOB_STARTED] { jobKey: 'table-account.payment-expiration' }
[JOB_COMPLETED] { jobKey: 'table-account.payment-expiration' }
[JOB_STARTED] { jobKey: 'table-account.payment-expiration' }
[JOB_COMPLETED] { jobKey: 'table-account.payment-expiration' }
[JOB_STARTED] { jobKey: 'table-account.payment-expiration' }
[JOB_COMPLETED] { jobKey: 'table-account.payment-expiration' }
[JOB_STARTED] { jobKey: 'table-account.payment-expiration' }
[JOB_COMPLETED] { jobKey: 'table-account.payment-expiration' }
[JOB_STARTED] { jobKey: 'table-account.payment-expiration' }
[JOB_COMPLETED] { jobKey: 'table-account.payment-expiration' }
[JOB_STARTED] { jobKey: 'table-account.payment-expiration' }
[JOB_COMPLETED] { jobKey: 'table-account.payment-expiration' }
[JOB_STARTED] { jobKey: 'table-account.payment-expiration' }
[JOB_COMPLETED] { jobKey: 'table-account.payment-expiration' }
[JOB_STARTED] { jobKey: 'table-account.payment-expiration' }
[JOB_COMPLETED] { jobKey: 'table-account.payment-expiration' }
[JOB_STARTED] { jobKey: 'table-account.payment-expiration' }
[JOB_COMPLETED] { jobKey: 'table-account.payment-expiration' }
[JOB_STARTED] { jobKey: 'table-account.payment-expiration' }
[JOB_COMPLETED] { jobKey: 'table-account.payment-expiration' }
[JOB_STARTED] { jobKey: 'table-account.payment-expiration' }
[JOB_COMPLETED] { jobKey: 'table-account.payment-expiration' }
[JOB_STARTED] { jobKey: 'table-account.payment-expiration' }
[JOB_COMPLETED] { jobKey: 'table-account.payment-expiration' }
[JOB_STARTED] { jobKey: 'table-account.payment-expiration' }
[JOB_COMPLETED] { jobKey: 'table-account.payment-expiration' }
[JOB_STARTED] { jobKey: 'table-account.payment-expiration' }
[JOB_COMPLETED] { jobKey: 'table-account.payment-expiration' }
[JOB_STARTED] { jobKey: 'table-account.payment-expiration' }
[JOB_COMPLETED] { jobKey: 'table-account.payment-expiration' }
[JOB_STARTED] { jobKey: 'table-account.payment-expiration' }
[JOB_COMPLETED] { jobKey: 'table-account.payment-expiration' }
[JOB_STARTED] { jobKey: 'table-account.payment-expiration' }
[JOB_COMPLETED] { jobKey: 'table-account.payment-expiration' }
[JOB_STARTED] { jobKey: 'table-account.payment-expiration' }
[JOB_COMPLETED] { jobKey: 'table-account.payment-expiration' }
[JOB_STARTED] { jobKey: 'table-account.payment-expiration' }
[JOB_COMPLETED] { jobKey: 'table-account.payment-expiration' }
[JOB_STARTED] { jobKey: 'table-account.payment-expiration' }
[JOB_COMPLETED] { jobKey: 'table-account.payment-expiration' }
[JOB_STARTED] { jobKey: 'table-account.payment-expiration' }
[JOB_COMPLETED] { jobKey: 'table-account.payment-expiration' }
[JOB_STARTED] { jobKey: 'table-account.payment-expiration' }
[JOB_COMPLETED] { jobKey: 'table-account.payment-expiration' }
[JOB_STARTED] { jobKey: 'table-account.payment-expiration' }
[JOB_COMPLETED] { jobKey: 'table-account.payment-expiration' }
[JOB_STARTED] { jobKey: 'table-account.payment-expiration' }
[JOB_COMPLETED] { jobKey: 'table-account.payment-expiration' }
[JOB_STARTED] { jobKey: 'table-account.payment-expiration' }
[JOB_COMPLETED] { jobKey: 'table-account.payment-expiration' }
[JOB_STARTED] { jobKey: 'table-account.payment-expiration' }
[JOB_COMPLETED] { jobKey: 'table-account.payment-expiration' }
[JOB_STARTED] { jobKey: 'table-account.payment-expiration' }
[JOB_COMPLETED] { jobKey: 'table-account.payment-expiration' }
[JOB_STARTED] { jobKey: 'table-account.payment-expiration' }
[JOB_COMPLETED] { jobKey: 'table-account.payment-expiration' }
[JOB_STARTED] { jobKey: 'table-account.payment-expiration' }
[JOB_COMPLETED] { jobKey: 'table-account.payment-expiration' }
[JOB_STARTED] { jobKey: 'table-account.payment-expiration' }
[JOB_COMPLETED] { jobKey: 'table-account.payment-expiration' }
[JOB_STARTED] { jobKey: 'table-account.payment-expiration' }
[JOB_COMPLETED] { jobKey: 'table-account.payment-expiration' }
[JOB_STARTED] { jobKey: 'table-account.payment-expiration' }
[JOB_COMPLETED] { jobKey: 'table-account.payment-expiration' }
[JOB_STARTED] { jobKey: 'table-account.payment-expiration' }
[JOB_COMPLETED] { jobKey: 'table-account.payment-expiration' }
[JOB_STARTED] { jobKey: 'table-account.payment-expiration' }
[JOB_COMPLETED] { jobKey: 'table-account.payment-expiration' }
[JOB_STARTED] { jobKey: 'table-account.payment-expiration' }
[JOB_COMPLETED] { jobKey: 'table-account.payment-expiration' }
[JOB_STARTED] { jobKey: 'table-account.payment-expiration' }
[JOB_COMPLETED] { jobKey: 'table-account.payment-expiration' }
[JOB_STARTED] { jobKey: 'table-account.payment-expiration' }
[JOB_COMPLETED] { jobKey: 'table-account.payment-expiration' }
[JOB_STARTED] { jobKey: 'table-account.payment-expiration' }
[JOB_COMPLETED] { jobKey: 'table-account.payment-expiration' }
[JOB_STARTED] { jobKey: 'table-account.payment-expiration' }
[JOB_COMPLETED] { jobKey: 'table-account.payment-expiration' }
[JOB_STARTED] { jobKey: 'table-account.payment-expiration' }
[JOB_COMPLETED] { jobKey: 'table-account.payment-expiration' }
[JOB_STARTED] { jobKey: 'table-account.payment-expiration' }
[JOB_COMPLETED] { jobKey: 'table-account.payment-expiration' }
[JOB_STARTED] { jobKey: 'table-account.payment-expiration' }
[JOB_COMPLETED] { jobKey: 'table-account.payment-expiration' }
[JOB_STARTED] { jobKey: 'table-account.payment-expiration' }
[JOB_COMPLETED] { jobKey: 'table-account.payment-expiration' }
[JOB_STARTED] { jobKey: 'table-account.payment-expiration' }
[JOB_COMPLETED] { jobKey: 'table-account.payment-expiration' }
11:49:41 [tsx] change in ./src\modules\orders\routes\orderRoutes.ts Restarting...
cServidor rodando na porta 3000
[JOB_STARTED] { jobKey: 'table-account.payment-expiration' }
[JOB_COMPLETED] { jobKey: 'table-account.payment-expiration' }
[JOB_STARTED] { jobKey: 'table-account.payment-expiration' }
[JOB_COMPLETED] { jobKey: 'table-account.payment-expiration' }
[JOB_STARTED] { jobKey: 'table-account.payment-expiration' }
[JOB_COMPLETED] { jobKey: 'table-account.payment-expiration' }
[JOB_STARTED] { jobKey: 'table-account.payment-expiration' }
[JOB_COMPLETED] { jobKey: 'table-account.payment-expiration' }
[JOB_STARTED] { jobKey: 'table-account.payment-expiration' }
[JOB_COMPLETED] { jobKey: 'table-account.payment-expiration' }
[JOB_STARTED] { jobKey: 'table-account.payment-expiration' }
[JOB_COMPLETED] { jobKey: 'table-account.payment-expiration' }
[JOB_STARTED] { jobKey: 'table-account.payment-expiration' }
[JOB_COMPLETED] { jobKey: 'table-account.payment-expiration' }
[JOB_STARTED] { jobKey: 'table-account.payment-expiration' }
[JOB_COMPLETED] { jobKey: 'table-account.payment-expiration' }
[JOB_STARTED] { jobKey: 'table-account.payment-expiration' }
[JOB_COMPLETED] { jobKey: 'table-account.payment-expiration' }
[JOB_STARTED] { jobKey: 'table-account.payment-expiration' }
[JOB_COMPLETED] { jobKey: 'table-account.payment-expiration' }
[JOB_STARTED] { jobKey: 'table-account.payment-expiration' }
[JOB_COMPLETED] { jobKey: 'table-account.payment-expiration' }
[JOB_STARTED] { jobKey: 'table-account.payment-expiration' }
[JOB_COMPLETED] { jobKey: 'table-account.payment-expiration' }
[JOB_STARTED] { jobKey: 'table-account.payment-expiration' }
[JOB_COMPLETED] { jobKey: 'table-account.payment-expiration' }
[JOB_STARTED] { jobKey: 'table-account.payment-expiration' }
[JOB_COMPLETED] { jobKey: 'table-account.payment-expiration' }
[JOB_STARTED] { jobKey: 'table-account.payment-expiration' }
[JOB_COMPLETED] { jobKey: 'table-account.payment-expiration' }
[JOB_STARTED] { jobKey: 'table-account.payment-expiration' }
[JOB_COMPLETED] { jobKey: 'table-account.payment-expiration' }
[JOB_STARTED] { jobKey: 'table-account.payment-expiration' }
[JOB_COMPLETED] { jobKey: 'table-account.payment-expiration' }
[JOB_STARTED] { jobKey: 'table-account.payment-expiration' }
[JOB_COMPLETED] { jobKey: 'table-account.payment-expiration' }
[JOB_STARTED] { jobKey: 'table-account.payment-expiration' }
[JOB_COMPLETED] { jobKey: 'table-account.payment-expiration' }
[JOB_STARTED] { jobKey: 'table-account.payment-expiration' }
[JOB_COMPLETED] { jobKey: 'table-account.payment-expiration' }
[JOB_STARTED] { jobKey: 'table-account.payment-expiration' }
[JOB_COMPLETED] { jobKey: 'table-account.payment-expiration' }
[JOB_STARTED] { jobKey: 'table-account.payment-expiration' }
[JOB_COMPLETED] { jobKey: 'table-account.payment-expiration' }
[JOB_STARTED] { jobKey: 'table-account.payment-expiration' }
[JOB_COMPLETED] { jobKey: 'table-account.payment-expiration' }
12:50:15 [tsx] change in ./src\modules\orders\routes\orderRoutes.ts Rerunning...
c[SHUTDOWN_STARTED] { signal: 'SIGTERM' }
[SHUTDOWN_COMPLETED] { signal: 'SIGTERM' }
13:26:08 [tsx] change in ./src\modules\orders\domain\orderListQuery.ts Rerunning...
c13:26:12 [tsx] change in ./src\modules\orders\services\PaginatedOrdersService.ts Restarting...
cServidor rodando na porta 3000
[JOB_STARTED] { jobKey: 'table-account.payment-expiration' }
[JOB_COMPLETED] { jobKey: 'table-account.payment-expiration' }
🔌 conectado: -cQNSbzXosDLo-isAAAB
13:27:29 [tsx] change in ./src\modules\orders\services\CreateOrderCardCheckoutService.ts Restarting...
c13:27:32 [tsx] change in ./src\modules\orders\controllers\CreateOrderPixPaymentController.ts Restarting...
c13:27:35 [tsx] change in ./src\modules\orders\controllers\CreateOrderCardCheckoutController.ts Restarting...
c13:27:38 [tsx] change in ./src\modules\orders\services\OrderPixPaymentService.ts Restarting...
c[SHUTDOWN_STARTED] { signal: 'SIGTERM' }
[SHUTDOWN_COMPLETED] { signal: 'SIGTERM' }
13:28:07 [tsx] change in ./src\modules\tableAccount\providers\ConfiguredTablePaymentProvider.ts Rerunning...
cServidor rodando na porta 3000
🔌 conectado: ss8p0DQM6NlOuzNsAAAB
13:28:15 [tsx] change in ./src\routes\index.ts Restarting...
c[SHUTDOWN_STARTED] { signal: 'SIGTERM' }
[SHUTDOWN_COMPLETED] { signal: 'SIGTERM' }
13:28:19 [tsx] change in ./src\realtime\realtimePublisher.ts Rerunning...
c13:28:22 [tsx] change in ./src\modules\orders\services\restoreOrderItemsStock.ts Restarting...
c[SHUTDOWN_STARTED] { signal: 'SIGTERM' }
[SHUTDOWN_COMPLETED] { signal: 'SIGTERM' }
13:29:27 [tsx] change in ./src\modules\tableAccount\services\RefundTablePaymentService.ts Rerunning...
c13:29:30 [tsx] change in ./src\modules\tableAccount\services\CancelTablePaymentIntentService.ts Restarting...
c13:29:33 [tsx] change in ./src\modules\tableAccount\services\ReconcileTablePaymentService.ts Restarting...
c13:29:36 [tsx] change in ./src\modules\tableAccount\services\ProcessTablePaymentWebhookService.ts Restarting...
c13:29:39 [tsx] change in ./src\modules\tableAccount\domain\tablePaymentProviderTransition.ts Restarting...
c[SHUTDOWN_STARTED] { signal: 'SIGTERM' }
[SHUTDOWN_COMPLETED] { signal: 'SIGTERM' }
13:29:52 [tsx] change in ./src\modules\orders\services\CreateOrderService.ts Rerunning...
c13:29:54 [tsx] change in ./src\modules\products\services\UpdateProductService.ts Restarting...
c[SHUTDOWN_STARTED] { signal: 'SIGTERM' }
[SHUTDOWN_COMPLETED] { signal: 'SIGTERM' }
13:30:43 [tsx] change in ./src\modules\tableAccount\providers\tablePaymentGatewayMutation.ts Rerunning...
c13:30:45 [tsx] change in ./src\modules\pickupPayments\services\PickupPaymentService.ts Restarting...
cServidor rodando na porta 3000
[JOB_STARTED] { jobKey: 'table-account.payment-expiration' }
[JOB_COMPLETED] { jobKey: 'table-account.payment-expiration' }
🔌 conectado: VqdQL4phjIDqBn-2AAAB
[JOB_STARTED] { jobKey: 'table-account.payment-expiration' }
[JOB_COMPLETED] { jobKey: 'table-account.payment-expiration' }
❌ desconectado: VqdQL4phjIDqBn-2AAAB
[JOB_STARTED] { jobKey: 'table-account.payment-expiration' }
[JOB_COMPLETED] { jobKey: 'table-account.payment-expiration' }
[JOB_STARTED] { jobKey: 'table-account.payment-expiration' }
[JOB_COMPLETED] { jobKey: 'table-account.payment-expiration' }
[JOB_STARTED] { jobKey: 'table-account.payment-expiration' }
[JOB_COMPLETED] { jobKey: 'table-account.payment-expiration' }
[JOB_STARTED] { jobKey: 'table-account.payment-expiration' }
[JOB_COMPLETED] { jobKey: 'table-account.payment-expiration' }
🔌 conectado: 1LKAXLGw1vefPdQYAAAD
[JOB_STARTED] { jobKey: 'table-account.payment-expiration' }
[JOB_COMPLETED] { jobKey: 'table-account.payment-expiration' }
[JOB_STARTED] { jobKey: 'table-account.payment-expiration' }
[JOB_COMPLETED] { jobKey: 'table-account.payment-expiration' }
[JOB_STARTED] { jobKey: 'table-account.payment-expiration' }
[JOB_COMPLETED] { jobKey: 'table-account.payment-expiration' }
[JOB_STARTED] { jobKey: 'table-account.payment-expiration' }
[JOB_COMPLETED] { jobKey: 'table-account.payment-expiration' }
[JOB_STARTED] { jobKey: 'table-account.payment-expiration' }
[JOB_COMPLETED] { jobKey: 'table-account.payment-expiration' }
[JOB_STARTED] { jobKey: 'table-account.payment-expiration' }
[JOB_COMPLETED] { jobKey: 'table-account.payment-expiration' }
[JOB_STARTED] { jobKey: 'table-account.payment-expiration' }
[JOB_COMPLETED] { jobKey: 'table-account.payment-expiration' }
[JOB_STARTED] { jobKey: 'table-account.payment-expiration' }
[JOB_COMPLETED] { jobKey: 'table-account.payment-expiration' }
[JOB_STARTED] { jobKey: 'table-account.payment-expiration' }
[JOB_COMPLETED] { jobKey: 'table-account.payment-expiration' }
[JOB_STARTED] { jobKey: 'table-account.payment-expiration' }
[JOB_COMPLETED] { jobKey: 'table-account.payment-expiration' }
[JOB_STARTED] { jobKey: 'table-account.payment-expiration' }
[JOB_COMPLETED] { jobKey: 'table-account.payment-expiration' }
[JOB_STARTED] { jobKey: 'table-account.payment-expiration' }
[JOB_COMPLETED] { jobKey: 'table-account.payment-expiration' }
[JOB_STARTED] { jobKey: 'table-account.payment-expiration' }
[JOB_COMPLETED] { jobKey: 'table-account.payment-expiration' }
[JOB_STARTED] { jobKey: 'table-account.payment-expiration' }
[JOB_COMPLETED] { jobKey: 'table-account.payment-expiration' }
[JOB_STARTED] { jobKey: 'table-account.payment-expiration' }
[JOB_COMPLETED] { jobKey: 'table-account.payment-expiration' }
[JOB_STARTED] { jobKey: 'table-account.payment-expiration' }
[JOB_COMPLETED] { jobKey: 'table-account.payment-expiration' }
[JOB_STARTED] { jobKey: 'table-account.payment-expiration' }
[JOB_COMPLETED] { jobKey: 'table-account.payment-expiration' }
[JOB_STARTED] { jobKey: 'table-account.payment-expiration' }
[JOB_COMPLETED] { jobKey: 'table-account.payment-expiration' }
❌ desconectado: 1LKAXLGw1vefPdQYAAAD
[JOB_STARTED] { jobKey: 'table-account.payment-expiration' }
[JOB_COMPLETED] { jobKey: 'table-account.payment-expiration' }
