vite v8.0.16 building client environment for production...
[2K
transforming...✓ 2725 modules transformed.
rendering chunks...
computing gzip size...
dist/demo-admin.html                                      1.06 kB │ gzip:  0.49 kB
dist/index.html                                           2.72 kB │ gzip:  1.04 kB
dist/assets/amex-BUzYj_Rf.svg                             4.34 kB │ gzip:  1.92 kB
dist/assets/vendor-vh-t_kPv.css                          15.09 kB │ gzip:  6.36 kB
dist/assets/restaurantMonogram-BfZ0xq6q.js                0.27 kB │ gzip:  0.21 kB
dist/assets/reportEmployeeIssue-CQrfUHF8.js               0.54 kB │ gzip:  0.38 kB
dist/assets/waiterCallsService-D7MdieJ4.js                0.55 kB │ gzip:  0.34 kB
dist/assets/OrderHistoryPagination-CDrhYlIL.js            0.55 kB │ gzip:  0.38 kB
dist/assets/deliveryChatService-BaGl3liJ.js               0.60 kB │ gzip:  0.33 kB
dist/assets/orderNotificationSound-BflG0N2n.js            0.66 kB │ gzip:  0.36 kB
dist/assets/rolldown-runtime-QTnfLwEv.js                  0.69 kB │ gzip:  0.42 kB
dist/assets/modulepreload-polyfill-Dezn_h7o.js            0.69 kB │ gzip:  0.39 kB
dist/assets/publicMediaSource-D1uYQkBU.js                 0.75 kB │ gzip:  0.34 kB
dist/assets/tableAccount-CfR3_8CD.js                      0.77 kB │ gzip:  0.45 kB
dist/assets/authService-DMQg0L25.js                       0.77 kB │ gzip:  0.33 kB
dist/assets/supportChatService-B6a2dTH7.js                0.79 kB │ gzip:  0.39 kB
dist/assets/tablesService-DNTki-Uq.js                     0.82 kB │ gzip:  0.34 kB
dist/assets/productsService-B5Ht0H8x.js                   0.88 kB │ gzip:  0.45 kB
dist/assets/ingredientsService-CabSSGO7.js                0.89 kB │ gzip:  0.41 kB
dist/assets/deliveryChatUnread-DVEvR9IO.js                0.94 kB │ gzip:  0.45 kB
dist/assets/adminPortalSession-D7JceJkt.js                1.00 kB │ gzip:  0.52 kB
dist/assets/adminOrderMapper-wnj_hfSG.js                  1.07 kB │ gzip:  0.48 kB
dist/assets/AdminPortalLoginGate-CF6fk70B.js              1.14 kB │ gzip:  0.62 kB
dist/assets/courierCompensationService-hmzi5pZz.js        1.27 kB │ gzip:  0.38 kB
dist/assets/tableAccountService-acjGQ46W.js               1.27 kB │ gzip:  0.42 kB
dist/assets/DemoAdmin-pFbRVrW1.js                         1.47 kB │ gzip:  0.74 kB
dist/assets/useDialogFocusManagement-DOdgFErL.js          1.49 kB │ gzip:  0.63 kB
dist/assets/demoAdmin-BsBv1DYq.js                         1.58 kB │ gzip:  0.90 kB
dist/assets/CourierListControls-D385bOP3.js               1.62 kB │ gzip:  0.76 kB
dist/assets/useOrderHistory-DL-NC-HM.js                   1.70 kB │ gzip:  0.85 kB
dist/assets/courierLocation-CoPH1sVE.js                   1.79 kB │ gzip:  0.79 kB
dist/assets/useDemoHomeData-Cyf4SDEP.js                   1.83 kB │ gzip:  0.95 kB
dist/assets/AdminPortalEntry-eJJt2HKc.js                  1.84 kB │ gzip:  0.94 kB
dist/assets/useRestaurantLoginBranding-D0N0gDCP.js        2.15 kB │ gzip:  1.13 kB
dist/assets/categoryIconMap-9SRyT4K2.js                   2.37 kB │ gzip:  1.23 kB
dist/assets/useActiveOrderNotice-DKOB_O2n.js              2.50 kB │ gzip:  1.19 kB
dist/assets/AttendantPage-B8lTgphb.js                     3.41 kB │ gzip:  1.62 kB
dist/assets/orderAdapter-DuHeg_ur.js                      3.55 kB │ gzip:  1.64 kB
dist/assets/useDraggableFloatingActions-Z7rr_hb4.js       3.65 kB │ gzip:  1.44 kB
dist/assets/ProfilePanel-DjXevOsK.js                      3.88 kB │ gzip:  1.39 kB
dist/assets/password-policy-B6e06G9N.js                   4.20 kB │ gzip:  1.72 kB
dist/assets/demoTableAccount-DeOub4Jt.js                  4.30 kB │ gzip:  1.89 kB
dist/assets/KitchenPage-CQw5VNQ9.js                       5.03 kB │ gzip:  2.18 kB
dist/assets/ChangePasswordPage-BsolajKg.js                5.23 kB │ gzip:  2.05 kB
dist/assets/data-BoJmeK72.js                              5.28 kB │ gzip:  2.35 kB
dist/assets/socketService-D7usfC1Y.js                     5.50 kB │ gzip:  2.06 kB
dist/assets/CourierSettlementsPanel-uS9RFakx.js           5.56 kB │ gzip:  2.20 kB
dist/assets/DemoAttendant-B57mIcVp.js                     5.61 kB │ gzip:  2.48 kB
dist/assets/DemoKitchenWaiter-BH7COTbI.js                 6.00 kB │ gzip:  2.42 kB
dist/assets/SystemBlocked-Dsq8cjxD.js                     6.53 kB │ gzip:  2.48 kB
dist/assets/Register--wwnf7Sd.js                          6.57 kB │ gzip:  2.68 kB
dist/assets/DeliveryCustomerAlertLayer-V2DS26xy.js        6.67 kB │ gzip:  2.79 kB
dist/assets/AdminCustomers-DIla1PKS.js                    6.95 kB │ gzip:  2.19 kB
dist/assets/EmployeeList-BSKLfNKB.js                      7.43 kB │ gzip:  2.27 kB
dist/assets/PickupPaymentPanel-Bftarl-z.js                7.48 kB │ gzip:  2.70 kB
dist/assets/useLoyaltyExpirationClock-cDY2Hkh8.js         7.71 kB │ gzip:  2.79 kB
dist/assets/DemoCourier-CkVy1O1V.js                       8.01 kB │ gzip:  3.32 kB
dist/assets/DeliveryConfirmationCodePrompt-DZV8aJ4D.js    8.06 kB │ gzip:  3.01 kB
dist/assets/WaiterPage-O03Is04P.js                        8.67 kB │ gzip:  3.25 kB
dist/assets/ordersService-DzPlS4lF.js                     8.84 kB │ gzip:  3.10 kB
dist/assets/DeliveryMap-Buqecebv.js                      10.31 kB │ gzip:  3.25 kB
dist/assets/DeliveryChatPage-shwVCzUe.js                 11.25 kB │ gzip:  4.06 kB
dist/assets/DemoAdminSandbox-B5tNFmZp.js                 11.27 kB │ gzip:  4.49 kB
dist/assets/Login-CFkFLF0W.js                            11.48 kB │ gzip:  4.65 kB
dist/assets/DigitalMenuIdentityEntryPage-BnzlfO9k.js     11.56 kB │ gzip:  4.37 kB
dist/assets/demoAdminData-Dlh9b226.js                    12.24 kB │ gzip:  4.52 kB
dist/assets/AdminOrderSupportInbox-_Owr50cw.js           12.68 kB │ gzip:  4.27 kB
dist/assets/RecoverPassword-BLJCO3uB.js                  12.91 kB │ gzip:  4.56 kB
dist/assets/OrderSupportDialog-BLRL528X.js               15.14 kB │ gzip:  4.80 kB
dist/assets/AdminPeople.styles-CrML9wM2.js               16.90 kB │ gzip:  3.43 kB
dist/assets/BillingPage-CDnPDjk9.js                      17.53 kB │ gzip:  5.49 kB
dist/assets/TenantBrandHero-DKE6uyVw.js                  22.73 kB │ gzip:  5.30 kB
dist/assets/Admin-CUilJ6nB.js                            23.56 kB │ gzip:  7.04 kB
dist/assets/OrderCard-DEn1imu4.js                        23.76 kB │ gzip:  7.03 kB
dist/assets/DeliveryTrackingPage-7an9LQXb.js             24.16 kB │ gzip:  7.52 kB
dist/assets/GastroNexaLanding-Cx7kAwe9.js                24.74 kB │ gzip:  7.00 kB
dist/assets/Kitchen.styles-CQvdK0hL.js                   26.03 kB │ gzip:  5.53 kB
dist/assets/CourierWorkspace-C7EP5Mh5.js                 27.60 kB │ gzip:  9.19 kB
dist/assets/styled-vendor-CAmPpJa8.js                    28.61 kB │ gzip: 11.56 kB
dist/assets/IngredientWizard-iy9o2Moc.js                 34.34 kB │ gzip:  9.27 kB
dist/assets/GastroNexaDemo-DkkWARTw.js                   35.02 kB │ gzip: 11.57 kB
dist/assets/CourierCompensationSettings-eY_gXzru.js      38.45 kB │ gzip:  8.87 kB
dist/assets/socket-vendor-Hx7oKnD-.js                    41.20 kB │ gzip: 12.87 kB
dist/assets/NoticeViewport-DjAFZE_e.js                   42.56 kB │ gzip: 14.39 kB
dist/assets/router-vendor-humaikXA.js                    43.01 kB │ gzip: 15.43 kB
dist/assets/app-C_tD2y8e.js                              43.93 kB │ gzip: 13.98 kB
dist/assets/KitchenModule-Q9fNrmCT.js                    48.32 kB │ gzip: 12.72 kB
dist/assets/MonthlyBilling-BISFToie.js                   49.09 kB │ gzip: 11.35 kB
dist/assets/ProductDrawer-CMBVtGcJ.js                    59.70 kB │ gzip: 15.24 kB
dist/assets/HelpCenter-DpSCUlFp.js                       64.25 kB │ gzip: 13.93 kB
dist/assets/courierOrders-DhlA82_t.js                    64.53 kB │ gzip: 15.71 kB
dist/assets/AttendantOperationCenterV2-DWxhbuMF.js       65.55 kB │ gzip: 16.70 kB
dist/assets/react-ui-vendor-C3QUM2pG.js                  71.66 kB │ gzip: 23.78 kB
dist/assets/EmployeeCompensationSettings-8VN7qhQV.js     77.21 kB │ gzip: 17.23 kB
dist/assets/EmployeeHelpCenter-DzQpaBpY.js               84.77 kB │ gzip: 18.04 kB
dist/assets/WaiterModule-DA95zuMh.js                     85.20 kB │ gzip: 20.03 kB
dist/assets/SuperAdminPage-BUik-WHe.js                  109.93 kB │ gzip: 27.25 kB
dist/assets/AdminManagement-DAekseBJ.js                 113.04 kB │ gzip: 24.97 kB
dist/assets/Profile-E6KxhCs7.js                         121.47 kB │ gzip: 31.64 kB
dist/assets/Home-BSA9OYp-.js                            128.47 kB │ gzip: 37.40 kB
dist/assets/react-core-vendor-CCIEwYL0.js               189.64 kB │ gzip: 59.65 kB
dist/assets/vendor-BSk2X6A5.js                          198.81 kB │ gzip: 61.53 kB
dist/assets/TableAccountPanel-DN0_oWJC.js               232.77 kB │ gzip: 53.29 kB
dist/assets/AdminPage-CHtIzHAZ.js                       453.91 kB │ gzip: 95.49 kB

✓ built in 895ms
