
> frontend@0.0.0 build
> vite build

vite v8.0.16 building client environment for production...
[2K
transforming...✓ 2671 modules transformed.
rendering chunks...
computing gzip size...
dist/index.html                                           2.08 kB │ gzip:   0.85 kB
dist/assets/amex-BUzYj_Rf.svg                             4.34 kB │ gzip:   1.92 kB
dist/assets/vendor-vh-t_kPv.css                          15.09 kB │ gzip:   6.36 kB
dist/assets/restaurantMonogram-BfZ0xq6q.js                0.27 kB │ gzip:   0.21 kB
dist/assets/paymentTerminalService-53QL7Zy5.js            0.33 kB │ gzip:   0.22 kB
dist/assets/waiterCallsService-bNA2UTnH.js                0.54 kB │ gzip:   0.34 kB
dist/assets/deliveryChatService-CHt2U_W-.js               0.59 kB │ gzip:   0.32 kB
dist/assets/orderNotificationSound-BflG0N2n.js            0.66 kB │ gzip:   0.36 kB
dist/assets/rolldown-runtime-QTnfLwEv.js                  0.69 kB │ gzip:   0.42 kB
dist/assets/authService-HmgKu1p5.js                       0.76 kB │ gzip:   0.33 kB
dist/assets/supportChatService-jCW5z-7H.js                0.78 kB │ gzip:   0.38 kB
dist/assets/tablesService-CQO7AlWS.js                     0.81 kB │ gzip:   0.34 kB
dist/assets/productsService-Bimh3imG.js                   0.83 kB │ gzip:   0.42 kB
dist/assets/deliveryChatUnread-DVEvR9IO.js                0.94 kB │ gzip:   0.45 kB
dist/assets/adminPortalSession-CiBHybGt.js                0.99 kB │ gzip:   0.52 kB
dist/assets/AdminPortalLoginGate-BpzD3Wip.js              1.14 kB │ gzip:   0.62 kB
dist/assets/courierCompensationService-Bq3Ob9bI.js        1.26 kB │ gzip:   0.37 kB
dist/assets/useDialogFocusManagement-DOdgFErL.js          1.49 kB │ gzip:   0.63 kB
dist/assets/CourierListControls-B2Hcbwrp.js               1.62 kB │ gzip:   0.76 kB
dist/assets/courierOrders-XFYZ7l6V.js                     1.72 kB │ gzip:   0.78 kB
dist/assets/courierLocation-CoPH1sVE.js                   1.79 kB │ gzip:   0.79 kB
dist/assets/AdminPortalEntry-DZ3B-vk0.js                  1.84 kB │ gzip:   0.95 kB
dist/assets/tableAccountService-CvwDJVUZ.js               1.98 kB │ gzip:   0.77 kB
dist/assets/OrderHistoryPagination-ke-tCY5R.js            2.20 kB │ gzip:   1.09 kB
dist/assets/categoryIconMap-BdF08EIn.js                   2.37 kB │ gzip:   1.23 kB
dist/assets/useActiveOrderNotice-D9PSuJ5j.js              2.50 kB │ gzip:   1.19 kB
dist/assets/orderAdapter-DuHeg_ur.js                      3.55 kB │ gzip:   1.64 kB
dist/assets/useDraggableFloatingActions-Z7rr_hb4.js       3.65 kB │ gzip:   1.44 kB
dist/assets/ProfilePanel-DK-1NL5d.js                      3.85 kB │ gzip:   1.38 kB
dist/assets/password-policy-OEJDf9Hg.js                   4.20 kB │ gzip:   1.72 kB
dist/assets/ChangePasswordPage-lOfecetO.js                5.19 kB │ gzip:   2.03 kB
dist/assets/data-BoJmeK72.js                              5.28 kB │ gzip:   2.35 kB
dist/assets/CourierSettlementsPanel-jh8e38OF.js           5.55 kB │ gzip:   2.20 kB
dist/assets/Register-TDECMRJ5.js                          6.48 kB │ gzip:   2.65 kB
dist/assets/SystemBlocked-kSe3le36.js                     6.49 kB │ gzip:   2.46 kB
dist/assets/DeliveryCustomerAlertLayer-BVkhBlzg.js        6.63 kB │ gzip:   2.76 kB
dist/assets/AdminCustomers-FnLzqr91.js                    6.95 kB │ gzip:   2.19 kB
dist/assets/EmployeeList-CKBU1bdF.js                      7.43 kB │ gzip:   2.27 kB
dist/assets/PickupPaymentPanel-DUefy9T2.js                7.48 kB │ gzip:   2.69 kB
dist/assets/useLoyaltyExpirationClock-Bbb-GTpX.js         7.70 kB │ gzip:   2.78 kB
dist/assets/DeliveryConfirmationCodePrompt-Dbyhx0Cy.js    8.06 kB │ gzip:   3.01 kB
dist/assets/ordersService-DwpBlUFU.js                     8.83 kB │ gzip:   3.10 kB
dist/assets/DeliveryMap-CCrkujMU.js                      10.29 kB │ gzip:   3.23 kB
dist/assets/DeliveryChatPage-BcnoiVyT.js                 11.16 kB │ gzip:   4.03 kB
dist/assets/Login-B6eflRkY.js                            11.39 kB │ gzip:   4.62 kB
dist/assets/DigitalMenuIdentityEntryPage-evdzWXaw.js     11.47 kB │ gzip:   4.32 kB
dist/assets/AdminOrderSupportInbox-D2iG_UXt.js           12.62 kB │ gzip:   4.25 kB
dist/assets/RecoverPassword-Bmd8U2RS.js                  12.82 kB │ gzip:   4.52 kB
dist/assets/OrderSupportDialog-Bx8P2tPf.js               15.14 kB │ gzip:   4.81 kB
dist/assets/AdminPeople.styles-CrML9wM2.js               16.90 kB │ gzip:   3.43 kB
dist/assets/BillingPage-CeBuGeJ5.js                      17.49 kB │ gzip:   5.47 kB
dist/assets/OrderCard-B9hWdbKK.js                        23.68 kB │ gzip:   6.99 kB
dist/assets/DeliveryTrackingPage-BokCP8OG.js             24.08 kB │ gzip:   7.49 kB
dist/assets/Kitchen.styles-Cla0qo5W.js                   24.19 kB │ gzip:   5.21 kB
dist/assets/TenantBrandHero-BonhQPuX.js                  24.77 kB │ gzip:   6.32 kB
dist/assets/styled-vendor-CAmPpJa8.js                    28.61 kB │ gzip:  11.56 kB
dist/assets/styles-BN9JIn0j.js                           29.19 kB │ gzip:   6.13 kB
dist/assets/CourierCompensationSettings-CcRMm66v.js      38.44 kB │ gzip:   8.86 kB
dist/assets/socket-vendor-Hx7oKnD-.js                    41.20 kB │ gzip:  12.87 kB
dist/assets/router-vendor-CiGianE4.js                    43.01 kB │ gzip:  15.43 kB
dist/assets/KitchenPage-C7fGfbol.js                      52.01 kB │ gzip:  13.99 kB
dist/assets/CourierWorkspace-CYaBmLqi.js                 57.56 kB │ gzip:  16.39 kB
dist/assets/AttendantPage-_R2xdstK.js                    58.53 kB │ gzip:  16.45 kB
dist/assets/ProductDrawer-emHoNi4J.js                    59.65 kB │ gzip:  15.22 kB
dist/assets/react-ui-vendor-U91cOSnZ.js                  70.58 kB │ gzip:  23.49 kB
dist/assets/EmployeeCompensationSettings-BJOnSyaS.js     77.19 kB │ gzip:  17.23 kB
dist/assets/reportEmployeeIssue-ecT8vuwm.js              85.13 kB │ gzip:  18.22 kB
dist/assets/WaiterPage-Dztf8JpW.js                       93.21 kB │ gzip:  22.51 kB
dist/assets/SuperAdminPage-CnR1Ft5h.js                  109.44 kB │ gzip:  27.09 kB
dist/assets/Profile-Dotmq35q.js                         121.11 kB │ gzip:  31.58 kB
dist/assets/index-7LvF75e3.js                           140.56 kB │ gzip:  39.46 kB
dist/assets/react-core-vendor-CCIEwYL0.js               189.64 kB │ gzip:  59.65 kB
dist/assets/IngredientWizard-D2sH6Ysk.js                190.63 kB │ gzip:  32.16 kB
dist/assets/vendor-CmUTCslH.js                          198.57 kB │ gzip:  61.44 kB
dist/assets/Home-hYzl22fP.js                            359.86 kB │ gzip:  87.95 kB
dist/assets/Admin-Xtm4RCcK.js                           497.20 kB │ gzip: 115.90 kB

✓ built in 899ms
