[WebServer] (node:44656) Warning: The 'NO_COLOR' env is ignored due to the 'FORCE_COLOR' env being set.
[WebServer] (Use `node --trace-warnings ...` to show where the warning was created)

Running 67 tests using 1 worker

(node:24664) Warning: The 'NO_COLOR' env is ignored due to the 'FORCE_COLOR' env being set.
(Use `node --trace-warnings ...` to show where the warning was created)
  ok  1 [chromium] › e2e\admin-people-ux.spec.ts:133:1 › clientes apresenta indicadores, busca e cards retangulares em desktop e mobile (4.9s)
  ok  2 [chromium] › e2e\admin-people-ux.spec.ts:172:1 › funcionários mantém cargo e status legíveis, com filtros e ações acessíveis no mobile (3.9s)
  ok  3 [chromium] › e2e\admin-people-ux.spec.ts:209:1 › admin: navegação e configurações conservam a largura ao recolher o menu (11.9s)
  ok  4 [chromium] › e2e\attendant-operations.spec.ts:138:1 › abre pedido e conclui retirada paga (3.9s)
  ok  5 [chromium] › e2e\attendant-operations.spec.ts:150:1 › assume e resolve chamado (3.7s)
  ok  6 [chromium] › e2e\attendant-operations.spec.ts:162:1 › registra pedido manual de retirada sem vincular o pedido ao atendente (3.7s)
  ok  7 [chromium] › e2e\attendant-operations.spec.ts:176:1 › falha inicial não anuncia fila vazia e atualização recupera a operação (3.7s)
  ok  8 [chromium] › e2e\attendant-operations.spec.ts:195:1 › snapshot inválido preserva pedidos já carregados e sinaliza a falha (3.5s)
  ok  9 [chromium] › e2e\attendant-operations.spec.ts:207:1 › detalhes recuperam falha sem inventar pagamento e devolvem o foco ao fechar (3.9s)
  ok 10 [chromium] › e2e\attendant-operations.spec.ts:239:1 › todas as áreas do atendente cabem em telas de 360 e 430 pixels (6.8s)
  ok 11 [chromium] › e2e\attendant-operations.spec.ts:299:1 › atendente: todas as áreas conservam a largura no desktop e o menu rola em tela baixa (4.3s)
  ok 12 [chromium] › e2e\courier-operations.spec.ts:660:1 › motoqueiro retira, compartilha a rota do próprio pedido e encerra ao entregar (20.7s)
[WebServer] 18:51:36 [vite] (client) [console.error] [courier] Falha ao carregar entregas AxiosError: Request failed with status code 503
[WebServer]     at settle (http://127.0.0.1:4181/node_modules/.vite/deps/axios.js?v=fc288dde:1838:14)
[WebServer]     at XMLHttpRequest.onloadend (http://127.0.0.1:4181/node_modules/.vite/deps/axios.js?v=fc288dde:2231:4)
[WebServer]     at Axios$1.request (http://127.0.0.1:4181/node_modules/.vite/deps/axios.js?v=fc288dde:3024:37)
[WebServer]     at async OrdersService.listRestaurantOrdersPage (http://127.0.0.1:4181/src/Services/ordersService.ts:145:20)
[WebServer]     at async OrdersService.listActivePages (http://127.0.0.1:4181/src/Services/ordersService.ts:180:17)
  ok 13 [chromium] › e2e\courier-operations.spec.ts:790:1 › erro de atualização permite tentar novamente e realtime busca somente o tenant (4.1s)
  ok 14 [chromium] › e2e\courier-operations.spec.ts:840:1 › recupera pedidos perdidos na conexão e ao voltar ao app sem ativar GPS (5.1s)
  ok 15 [chromium] › e2e\courier-operations.spec.ts:872:1 › explica localização negada e navegador sem suporte sem enviar coordenadas (4.9s)
  ok 16 [chromium] › e2e\courier-operations.spec.ts:938:1 › cliente acompanha somente a própria entrega, rota e destino até a conclusão (4.1s)
  ok 17 [chromium] › e2e\courier-operations.spec.ts:1016:1 › todas as áreas do motoqueiro cabem no celular sem overflow horizontal (6.4s)
  ok 18 [chromium] › e2e\courier-operations.spec.ts:1110:1 › motoqueiro: todas as abas ocupam a largura disponível ao recolher e expandir o menu (10.4s)
  ok 19 [chromium] › e2e\demo-admin.spec.ts:6:1 › demo: administrador real abre todas as configurações sem API nem sessão real (11.8s)
  ok 20 [chromium] › e2e\demo-admin.spec.ts:98:1 › demo: home usa imagens locais, logo nova e layout responsivo (3.3s)
  ok 21 [chromium] › e2e\demo-admin.spec.ts:137:1 › demo: quatro funções abrem no celular com navegação visível e sem APIs reais (4.3s)
  ok 22 [chromium] › e2e\demo-admin.spec.ts:185:1 › demo: menu de perfis cabe na caixa e painéis expandem ao recolher a navegação (8.6s)
  ok 23 [chromium] › e2e\demo-workflow.spec.ts:234:1 › demo: delivery vai do cliente à cozinha e ao motoqueiro, com recebimento e código (8.7s)
  ok 24 [chromium] › e2e\demo-workflow.spec.ts:265:1 › demo: pedido da mesa passa pela cozinha e é entregue pelo garçom (7.9s)
  ok 25 [chromium] › e2e\demo-workflow.spec.ts:281:1 › demo: retirada paga passa pela cozinha e é entregue pelo atendente (8.1s)
  ok 26 [chromium] › e2e\demo-workflow.spec.ts:299:1 › demo: cliente e cozinha sincronizam pedidos entre abas mantendo seus perfis (7.1s)
  ok 27 [chromium] › e2e\demo-workflow.spec.ts:351:1 › demo: entrada QR usa o cardápio da mesa, envia à cozinha e apresenta a conta real (7.6s)
  ok 28 [chromium] › e2e\kitchen-order-customizations.spec.ts:454:1 › pedido completo do tenant chega à fila e avança de pendente até pronto (5.9s)
  ok 29 [chromium] › e2e\kitchen-order-customizations.spec.ts:517:1 › busca, status, canais, prontos e histórico refletem os dados recebidos (4.5s)
  ok 30 [chromium] › e2e\kitchen-order-customizations.spec.ts:587:1 › exibe carregamento, permite tentar novamente após erro e diferencia retorno vazio (3.8s)
  ok 31 [chromium] › e2e\kitchen-order-customizations.spec.ts:622:1 › todas as abas da cozinha permanecem acessíveis e sem overflow em celular (4.1s)
  ok 32 [chromium] › e2e\kitchen-order-customizations.spec.ts:705:1 › leitura ampliada aumenta produtos e ações, preserva filtros e restaura a preferência (5.0s)
  ok 33 [chromium] › e2e\kitchen-order-customizations.spec.ts:752:1 › cozinha: todas as abas ocupam a largura disponível ao recolher e expandir o menu (8.9s)
  ok 34 [chromium] › e2e\login-mobile-responsive.spec.ts:86:1 › login desktop preserva identidade e hierarquia visual (3.6s)
  ok 35 [chromium] › e2e\login-mobile-responsive.spec.ts:118:3 › login mobile responsivo em 320x568 (3.1s)
  ok 36 [chromium] › e2e\login-mobile-responsive.spec.ts:118:3 › login mobile responsivo em 360x740 (3.1s)
  ok 37 [chromium] › e2e\login-mobile-responsive.spec.ts:118:3 › login mobile responsivo em 375x667 (3.1s)
  ok 38 [chromium] › e2e\login-mobile-responsive.spec.ts:118:3 › login mobile responsivo em 390x844 (3.2s)
  ok 39 [chromium] › e2e\login-mobile-responsive.spec.ts:118:3 › login mobile responsivo em 412x915 (3.1s)
  ok 40 [chromium] › e2e\login-mobile-responsive.spec.ts:118:3 › login mobile responsivo em 430x932 (3.1s)
  ok 41 [chromium] › e2e\login-mobile-responsive.spec.ts:118:3 › login mobile responsivo em 440x956 (3.1s)
  ok 42 [chromium] › e2e\profile-loyalty-wallet.spec.ts:7:1 › cliente consulta cupons válidos, histórico e o novo ciclo no perfil (12.5s)
  ok 43 [chromium] › e2e\readme-real-ui.spec.ts:342:1 › captura o cardápio público real para o README (4.0s)
  ok 44 [chromium] › e2e\readme-real-ui.spec.ts:354:1 › cardápio público mantém a hierarquia e os atalhos contidos em 320px (4.3s)
  ok 45 [chromium] › e2e\readme-real-ui.spec.ts:420:1 › busca móvel abre compacta com sugestões e devolve o foco ao fechar (3.8s)
  ok 46 [chromium] › e2e\readme-real-ui.spec.ts:458:1 › adicionar mantém o cardápio aberto e a sacola reúne os itens em 320px (5.8s)
  ok 47 [chromium] › e2e\readme-real-ui.spec.ts:513:1 › seletor móvel distingue endereços repetidos sem ocupar a tela (3.9s)
  ok 48 [chromium] › e2e\readme-real-ui.spec.ts:555:1 › central móvel recolhe benefícios e mostra avisos abaixo do cabeçalho (5.1s)
  ok 49 [chromium] › e2e\readme-real-ui.spec.ts:622:1 › captura o tracking real para o README (3.6s)
  ok 50 [chromium] › e2e\super-admin-platform.spec.ts:314:1 › SUPER_ADMIN navega por links profundos e salva configurações versionadas (3.2s)
  ok 51 [chromium] › e2e\super-admin-platform.spec.ts:357:1 › mudança de acesso exige justificativa e atualiza o tenant (3.6s)
  ok 52 [chromium] › e2e\super-admin-platform.spec.ts:387:1 › SUPER_ADMIN responde e encerra um chamado exclusivo do administrador (3.3s)
  ok 53 [chromium] › e2e\super-admin-platform.spec.ts:414:1 › painel continua contido no celular e mantém navegação acessível (3.5s)
  ok 54 [chromium] › e2e\super-admin-platform.spec.ts:448:1 › configurações cabem ao lado dos menus em uma janela de 900px (3.0s)
  ok 55 [chromium] › e2e\super-admin-platform.spec.ts:475:3 › menu mantém as últimas opções acessíveis em viewport baixo de 390px (3.4s)
  ok 56 [chromium] › e2e\super-admin-platform.spec.ts:475:3 › menu mantém as últimas opções acessíveis em viewport baixo de 1024px (3.1s)
  ok 57 [chromium] › e2e\super-admin-platform.spec.ts:503:1 › estado vazio orienta o primeiro cadastro e dialog preserva foco no celular (3.0s)
  ok 58 [chromium] › e2e\table-qr-role-flow.spec.ts:639:1 › admin controla o QR, garçom apenas opera a mesa e cozinha recebe Mesa 1 (11.4s)
  ok 59 [chromium] › e2e\table-qr-role-flow.spec.ts:776:3 › cliente separa escopo e método e só vê pago após reconciliação canônica (PIX) (6.5s)
  ok 60 [chromium] › e2e\table-qr-role-flow.spec.ts:776:3 › cliente separa escopo e método e só vê pago após reconciliação canônica (CARD) (6.4s)
  ok 61 [chromium] › e2e\table-qr-role-flow.spec.ts:892:1 › retorno success do cartão permanece pendente até o backend confirmar (3.8s)
  ok 62 [chromium] › e2e\table-qr-role-flow.spec.ts:924:1 › impressão individual ocupa uma única folha A4 com QR Code grande (5.3s)
  ok 63 [chromium] › e2e\waiter-operations.spec.ts:598:1 › garçom consulta visão geral, filtra entregas e atende chamados persistidos (4.9s)
  ok 64 [chromium] › e2e\waiter-operations.spec.ts:667:1 › garçom confere e confirma pagamento presencial pelo ledger (4.0s)
  ok 65 [chromium] › e2e\waiter-operations.spec.ts:691:1 › QR sem PIN só libera pedidos com mesa aberta e fechamento respeita pendências (10.5s)
  ok 66 [chromium] › e2e\waiter-operations.spec.ts:773:1 › todas as abas do garçom permanecem acessíveis e sem overflow em celular (4.0s)
  ok 67 [chromium] › e2e\waiter-operations.spec.ts:846:1 › garçom: todas as abas ocupam a largura disponível ao recolher e expandir o menu (9.5s)

  67 passed (6.3m)
