
> backend@1.0.0 test
> node scripts/runAllTests.mjs

Executando 231 testes backend descobertos automaticamente.
✔ confirmação administrativa é estável e independente da ordem das chaves (15.4769ms)
✔ confirmação muda com alvo, estados e cada flag de promoção (0.9601ms)
✔ proteção impede demover ou desativar o último SUPER_ADMIN ativo (0.7655ms)
✔ promoção sempre habilita MFA e reset sempre exige troca de senha (0.9358ms)
✔ confirmação de papel muda com subpapel e versões before/after (0.3521ms)
✔ comparação de snapshot detecta mudança nos campos protegidos (0.201ms)
✔ databaseFingerprint nunca devolve credenciais (2.8651ms)
✔ identidade distingue projeto/usuário e schema, mas não muda ao rotacionar senha (0.4169ms)
✔ produção exige dupla liberação (1.03ms)
✔ produção exige fingerprint allowlisted e rejeita outro banco no mesmo host (0.649ms)
✔ ambiente de runtime e identidade do banco são obrigatórios e coerentes (0.4296ms)
✔ alvo HTTP de produção é rejeitado (0.2442ms)
✔ escrita é opt-in e exige confirmação exata (0.4026ms)
✔ redação remove segredos comuns (3.4367ms)
✔ provisionamento rejeita outro servidor, owner reutilizado e senha fraca (1.4472ms)
✔ provisionamento aceita senha escapada e nome runtime distinto (1.1872ms)
✔ aceita somente PostgreSQL loopback com nome inequivocamente descartável (1.098ms)
✔ recusa banco remoto mesmo quando o nome parece ser de teste (0.4714ms)
✔ recusa banco local sem marcador de teste no nome (0.3031ms)
✔ não expõe a senha ao registrar a URL do banco (0.3174ms)
✔ access token expira em 15 minutos por padrão (1.2339ms)
✔ permite sobrescrever TTL explicitamente pelo ambiente (0.2951ms)
✔ beforeSend remove query, credenciais, PII e variáveis sensíveis do evento (20.7324ms)
✔ aceita configuracao completa com roteamento interno (11.9557ms)
✔ aceita geoapify em producao sem exigir osrm ou nominatim (5.215ms)
✔ geoapify exige chave quando o roteamento e obrigatorio (6.6583ms)
✔ rejeita provider de roteamento desconhecido em producao (6.5793ms)
✔ bloqueia servicos publicos de demonstracao quando osrm e obrigatorio (7.9939ms)
✔ falha cedo quando URLs e origens essenciais nao foram configuradas (6.1552ms)
✔ exige a identidade do bootstrap do unico SUPER_ADMIN em producao (4.6324ms)
✔ nao permite desativar ou configurar uma senha inicial fraca no bootstrap de producao (7.3991ms)
✔ bootstrap de producao rejeita senha com menos de oito caracteres (6.0392ms)
✔ permite desativar explicitamente o calculo de rota (4.5263ms)
✔ rejeita segredos placeholders ou reutilizados (8.8078ms)
✔ rejeita banco com protocolo incompatível e URLs públicas sem HTTPS (5.056ms)
✔ exige chave AES de 32 bytes para credenciais dos gateways (3.8349ms)
✔ valida a chave anterior usada durante rotação de credenciais (6.0107ms)
✔ permite HTTP apenas em loopback para a execução local (8.3913ms)
✔ exige MFA para administradores e super administradores (5.612ms)
✔ exige um transporte SMTP utilizável para entregar o MFA em produção (8.5237ms)
✔ rejeita flags temporárias de compatibilidade em produção (3.6763ms)
✔ rejeita endpoint OAuth não oficial e redirect fora da origem do backend (6.5864ms)
✔ rejeita endpoint de reconciliação Mercado Pago não oficial (4.0547ms)
✔ rejeita política SameSite inválida para o refresh cookie (5.9917ms)
✔ impõe uma janela e um teto seguros para melhorias de imagem por IA (8.7744ms)
✔ impõe limite seguro para busca e segredo forte quando configurado (5.2082ms)
✔ readiness confirma quando o banco responde (56.299ms)
✔ readiness fica indisponivel quando o banco falha (0.4783ms)
✔ readiness possui prazo maximo e nao prende o healthcheck (16.4262ms)
✔ executa uma vez e persiste cooldown somente após sucesso (1.5253ms)
✔ não executa quando outra réplica possui o lease (0.4343ms)
✔ falha agenda backoff e registra o erro pelo fencing token (0.4665ms)
✔ rejeição do fencing token é tratada como lease perdido (0.2391ms)
✔ validação rejeita chaves duplicadas, cron e intervalos inválidos (2.5864ms)
✔ runNow evita sobreposição local e stop aguarda execução ativa (20.1318ms)
✔ runNow rejeita chave desconhecida (0.5241ms)
✔ falha de infraestrutura é contida para permitir retry no próximo gatilho (1.0344ms)
✔ claim é um upsert atômico condicionado ao relógio do PostgreSQL (18.1803ms)
✔ claim retorna null quando outro worker mantém lease ou cooldown ativo (22.3779ms)
✔ renew exige lease ainda vigente e usa owner mais versão como fencing (0.5781ms)
✔ renew retorna null para token expirado, substituído ou de outro owner (0.2441ms)
✔ complete agenda a próxima execução durável e libera o lease cercado (0.4476ms)
✔ fail registra erro limitado, backoff durável e preserva fencing (1.6768ms)
✔ valida identificadores, duração, datas e versão antes de consultar o banco (0.809ms)
✔ registro possui chaves únicas e agendas válidas (5.1823ms)
✔ intervalo de expiração de mesa é validado e limita configuração perigosa (38.3577ms)
✔ expressões configuráveis permanecem visíveis para validação no startup do worker (0.411ms)
✔ owner do lease identifica runtime e é único por processo/instância (7.894ms)
✔ autoriza somente funcionário ATENDENTE com restaurante identificado (1.0326ms)
✔ nega acesso anônimo, administrativo e aos demais perfis operacionais (0.3794ms)
✔ bloqueia qualquer rota privada do restaurante após a tolerância (129.136ms)
✔ mantém cobrança acessível para o admin inadimplente pagar (17.4263ms)
✔ allowlist financeira é estrita por papel, método e rota (0.8977ms)
✔ suspensão manual também bloqueia as rotas de recuperação financeira (23.33ms)
✔ SUPER_ADMIN nunca é bloqueado pela cobrança do restaurante (7.5389ms)
✔ bloqueia rotas privadas enquanto a troca de senha é obrigatória (11.6355ms)
✔ durante a troca obrigatória permite somente consultar sessão e atualizar senha (47.5466ms)
✔ deve permitir acesso na rota protegida sem invoices em aberto (114.1953ms)
✔ deve validar cobrança pelo tenant da sessão para convidado sem req.user (13.0217ms)
✔ deve bloquear acesso na rota protegida quando houver invoice atrasada (7.1967ms)
✔ deve promover pendentes vencidas para ATRASADO e bloquear (5.7158ms)
✔ pedido MESA herda mesa e tenant exclusivamente da sessão validada (28.8719ms)
✔ pedido não pode trocar a Mesa 1 da sessão por outra mesa no payload (0.9735ms)
✔ pedido de mesa sem sessão orienta o acesso pelo QR oficial (0.9475ms)
✔ bloqueia negócio, mantém rotas essenciais e reutiliza cache curto (165.3219ms)
✔ falha de leitura abre a plataforma e também é cacheada (20.3048ms)
✔ status público informa apenas disponibilidade e mensagem operacional (7.8776ms)
✔ limita TTL configurável para manter alterações operacionais responsivas (0.2276ms)
✔ invalidação durante leitura não deixa o estado antigo repopular o cache (0.2909ms)
✔ permite sistema de mesas para plano Premium ativo (29.9101ms)
✔ bloqueia sistema de mesas para plano Básico (0.7159ms)
✔ usa o restaurante da sessão para cliente de mesa sem login (0.6728ms)
✔ delivery continua disponível sem consultar trava Premium (2.1545ms)
✔ pedido de mesa exige Premium (0.9374ms)
✔ mantém os cabeçalhos CORS quando o limite global responde 429 (149.9506ms)
✔ respeita limite explícito e só usa padrão quando ausente ou inválido (2.3078ms)
✔ bloqueia POST cross-site de origem não autorizada e permite a origem configurada (18.884ms)
✔ limita buscas por ator sem consumir a cota de outro restaurante (145.7093ms)
✔ mantém a sessão OPEN acessível pelo mesmo QR (28.6456ms)
✔ mantém a sessão CLOSING_REQUESTED acessível pelo mesmo QR (0.3601ms)
✔ rejeita sessão encerrada (0.4453ms)
✔ aceita sessão OPEN e anexa somente o contexto necessário (37.4434ms)
✔ aceita sessão CLOSING_REQUESTED e anexa somente o contexto necessário (0.4522ms)
✔ rejeita UUID inválido sem consultar o banco (1.0839ms)
✔ não revela se a sessão está encerrada ou pertence a outro contexto (0.6454ms)
✔ bloqueia sessão expirada antes de liberar o participante (0.5159ms)
✔ converte falha inesperada em resposta genérica sem avançar a cadeia (0.5443ms)
✔ cookie válido identifica somente o convidado da sessão e tenant atuais (42.309ms)
✔ token inválido, expirado ou de outra mesa não é aceito (0.6401ms)
✔ cliente logado é resolvido pelo usuário e ainda fica preso à sessão (0.5928ms)
✔ autoriza somente admin ou funcionário GARCOM do restaurante autenticado (1.1372ms)
✔ nega cozinha, motoqueiro e token sem restaurantId (0.5592ms)
✔ separa a cota do portal administrativo por restaurante no mesmo IP (9.7889ms)
✔ normaliza o slug ao montar a chave do rate limit (25.3881ms)
✔ mantém IPs diferentes em cotas diferentes para o mesmo restaurante (0.2682ms)
✔ fila da plataforma exclui papéis internos antes de ranquear e contar (37.6786ms)
✔ históricos PLATFORM e INTERNAL usam filtros independentes (1.2421ms)
✔ lista conversas com status derivado sem fabricar prioridade, SLA ou responsável (20.8585ms)
✔ persiste encerramento e reabre quando o ADMIN envia uma nova mensagem (31.0005ms)
✔ SUPER_ADMIN consulta somente o canal PLATFORM do restaurante selecionado (10.1539ms)
✔ ADMIN separa relatos INTERNAL e nunca troca o tenant pela query (27.7465ms)
✔ rejeita papéis e canais sem contrato de suporte (1.0398ms)
✔ monta um snapshot operacional com ids de ação sem repassar dados sensíveis (30.2576ms)
✔ abre o contexto no tenant e usa o início do dia para o histórico de chamados (0.3296ms)
✔ nega qualquer ator que não seja funcionário ATENDENTE do restaurante (0.8648ms)
✔ normaliza a retencao dentro da faixa segura (29.1427ms)
✔ remove somente logs anteriores ao corte configurado (2.6113ms)
✔ permite SameSite=None para frontend e API em sites diferentes (1.5121ms)
✔ cookie __Host de produção usa atributos seguros e não persistentes (0.4759ms)
✔ move refresh para cookie HttpOnly e nunca o devolve no JSON (1.9467ms)
✔ produção lê somente o cookie e ignora refresh enviado no body (0.4496ms)
✔ one conditional write guards time, prior code, auth version and recovery lock (15.6232ms)
✔ no changed row means a lost claim, not permission to send (22.3696ms)
✔ attempts are reset only when the caller has established code expiry (0.3153ms)
✔ telefone ambíguo nunca seleciona arbitrariamente uma conta (8.4915ms)
✔ telefone único aceita formato nacional e com DDI; inválido não consulta banco (23.5684ms)
✔ resolve token de acesso versionado com os dados atuais do banco (37.9389ms)
✔ propaga do banco a exigência atual de troca de senha (1.5196ms)
✔ rejeita refresh token usado como access mesmo quando o segredo coincide (1.548ms)
✔ rejeita token legado por padrão também fora de produção (0.9462ms)
✔ aceita token legado somente com opt-in explícito fora de produção (0.961ms)
✔ produção rejeita token legado mesmo com a flag temporária habilitada (0.8476ms)
✔ rejeita por padrão token sem type mesmo quando possui authVersion (0.714ms)
✔ rejeita conta inativa ou com authVersion divergente (0.9261ms)
✔ códigos locais exigem opt-in explícito e nunca são logados em produção (1.0141ms)
✔ política base aceita oito caracteres com todas as classes obrigatórias (2.1062ms)
✔ política base rejeita senha com menos de oito caracteres (0.7181ms)
✔ política base exige letra maiúscula (0.1713ms)
✔ política base exige letra minúscula (0.1602ms)
✔ política base exige número (0.151ms)
✔ política base exige caractere especial (0.1551ms)
✔ política base respeita o limite efetivo de 72 bytes do bcrypt (0.2519ms)
✔ política administrativa aceita oito caracteres e bloqueia placeholders (0.3464ms)
✔ gerador interno sempre produz credencial compatível com a política forte (0.5997ms)
✔ a first request without a pending code is allowed (1.1243ms)
✔ resending is blocked until the full 30 seconds have elapsed (0.1887ms)
✔ resending is allowed exactly at 30 seconds without shortening code validity (0.1931ms)
✔ expired codes do not block a new request (0.6865ms)
✔ the database cutoff and early check use the same inclusive boundary (0.1756ms)
✔ reutilizacao do token anterior revoga toda a familia e incrementa authVersion (67.3029ms)
✔ rotaciona token legado e detecta replay pela familia derivada (1.9564ms)
✔ replay de familia antiga nao revoga uma familia criada por novo login (2.7203ms)
✔ preserva o perfil COZINHA ao rotacionar os tokens (1.311ms)
✔ logout deve revogar refresh token atual (1.158ms)
✔ deve rejeitar token que nao seja refresh (2.6878ms)
✔ somente uma rotacao concorrente consegue consumir o mesmo refresh token (1.6934ms)
✔ rejeita refresh quando a versao de autenticacao da conta mudou (3.3994ms)
✔ não permite desativar a única conta SUPER_ADMIN (31.1452ms)
✔ deve ativar lockout apos falhas sucessivas (38.6114ms)
✔ deve resetar lockout apos sucesso (0.8821ms)
[login-2fa] SMTP nao configurado; o codigo nao foi exibido. Configure o SMTP ou habilite explicitamente o fallback local.
✔ deve exigir 2FA para role administrativa configurada (138.3106ms)
✔ deve ignorar 2FA para role nao configurada (0.5463ms)
[login-2fa] SMTP nao configurado; o codigo nao foi exibido. Configure o SMTP ou habilite explicitamente o fallback local.
✔ deve exigir 2FA quando o proprio cliente o habilita (131.1922ms)
[login-2fa] SMTP nao configurado; o codigo nao foi exibido. Configure o SMTP ou habilite explicitamente o fallback local.
✔ deve validar codigo 2FA e emitir tokens (225.5497ms)
[login-2fa] SMTP nao configurado; o codigo nao foi exibido. Configure o SMTP ou habilite explicitamente o fallback local.
✔ 2FA preserva o perfil COZINHA no usuário e nos tokens emitidos (360.0785ms)
[login-2fa] SMTP nao configurado; o codigo nao foi exibido. Configure o SMTP ou habilite explicitamente o fallback local.
✔ bloqueia e consome o desafio depois de cinco codigos invalidos (561.1061ms)
[login-2fa] SMTP nao configurado; o codigo nao foi exibido. Configure o SMTP ou habilite explicitamente o fallback local.
✔ novo envio de codigo não reinicia tentativas do desafio vigente (96.3034ms)
[login-2fa] SMTP nao configurado; o codigo nao foi exibido. Configure o SMTP ou habilite explicitamente o fallback local.
✔ codigo MFA válido só pode ser consumido uma vez em concorrência (260.2476ms)
✔ registra lastLoginAt somente depois de emitir a sessão completa (173.4414ms)
✔ não registra lastLoginAt enquanto o MFA ainda está pendente (21.1452ms)
✔ permite que o SUPER_ADMIN conclua o login durante a manutenção (14.9277ms)
✔ não emite sessão para outra role quando a manutenção bloqueia o login (6.2615ms)
✔ first request claims the code before sending the GastroNexa email (35.5577ms)
✔ unknown accounts keep the same public response and send nothing (2.479ms)
✔ a request at 29.999 seconds does not replace the code or send another email (2.0369ms)
✔ a request at 30 seconds may send again without resetting failed attempts (1.0499ms)
✔ a rejected atomic claim cannot send or expose account state (1.1905ms)
✔ parallel requests send only the code whose atomic claim wins (2.1841ms)
✔ changing to phone lookup does not bypass the same account cooldown (2.297ms)
✔ an existing recovery lock is still respected (1.748ms)
✔ never allows password reset codes in production logs (5.9191ms)
✔ keeps the local development fallback available (28.2518ms)
✔ conta comum também rejeita redefinição sem todas as classes obrigatórias (71.2989ms)
✔ bloqueia recuperação após cinco códigos inválidos (18.2599ms)
✔ código válido é consumido uma vez, reativa conta e revoga sessões (76.7005ms)
✔ SUPER_ADMIN não consegue redefinir a conta com senha fraca (5.4138ms)
✔ recuperação do SUPER_ADMIN aceita senha forte com oito caracteres e usa bcrypt 12 (339.7541ms)
✔ mudança de MFA incrementa versão e revoga refresh na mesma transação (27.9065ms)
✔ desativação devolve somente projeção pública e revoga refresh (0.5853ms)
✔ recuperação de senha reativa conta e revoga access tokens antigos (0.4087ms)
✔ registra o login concluído (7.0067ms)
✔ falha de telemetria não invalida uma autenticação já concluída (21.947ms)
✔ SUPER_ADMIN nunca pode desabilitar MFA (35.5111ms)
✔ funções configuradas como obrigatórias também não podem desabilitar MFA (0.9562ms)
✔ conta em troca obrigatória rejeita nova senha fraca (61.087ms)
✔ SUPER_ADMIN sempre precisa usar todas as classes, mesmo após o primeiro acesso (8.1846ms)
✔ conta comum também precisa usar maiúscula, minúscula, número e símbolo (35.6205ms)
✔ troca obrigatória aceita senha forte com oito caracteres, revoga refresh e persiste hash (726.2603ms)
✔ não permite reutilizar a senha atual (34.3524ms)
✔ persiste apenas o avatar sem limpar os outros dados do perfil (32.8754ms)
✔ normaliza somente os campos enviados na edição do perfil (0.5053ms)
✔ não permite alterar o email fixo do SUPER_ADMIN pelo perfil genérico (0.7518ms)
✔ normaliza e persiste todo o conteúdo promocional no restaurante autenticado (60.6905ms)
✔ aplica valores padrão seguros ao criar um banner (0.5273ms)
✔ valida limites de texto, ativação e posição antes de persistir (2.0896ms)
✔ atualiza somente os campos enviados e permite ocultar textos opcionais (0.5244ms)
✔ lista exclusivamente os banners do restaurante autenticado (0.4833ms)
✔ rejeita imagem temporária ao criar ou atualizar banner (0.7395ms)
✔ não permite atualizar ou excluir um banner pertencente a outro restaurante (0.7135ms)
✔ processa itens posteriores em todas as fases e sinaliza falha ao JobRunner (51.3384ms)
✔ compare-and-set perdido devolve o pagamento vencedor sem sobrescrever paidAt (42.1169ms)
✔ cria a mensalidade com upsert na chave única do restaurante e competência (0.3885ms)
✔ claim da reconciliação usa relógio do banco, SKIP LOCKED e backoff limitado (1.4969ms)
✔ liberação por pagamento altera somente bloqueios de origem BILLING (48.7675ms)
✔ bloqueio financeiro nunca sobrescreve uma suspensão MANUAL (0.4498ms)
✔ regeneração de cobrança restringe update e SQL ao restaurante da fatura (0.5951ms)
✔ gera a fatura com a mensalidade atual persistida no catálogo (32.4421ms)
✔ carrega preço, trial e funcionalidades persistidos no catálogo (41.4159ms)
✔ não substitui um plano inativo pelo fallback legado (1.0609ms)
✔ fallback legado só atende tabela ausente em teste ou migração explícita (0.8023ms)
✔ processa webhook somente depois de consultar e validar o pagamento no provedor (27.1598ms)
✔ não processa webhook cujo pagamento consultado possui valor divergente (0.693ms)
✔ pagando deve liberar o sistema para o dono do restaurante (34.1829ms)
✔ deve manter bloqueio quando existir invoice bloqueante em aberto (0.7498ms)
✔ deve reativar restaurante mesmo sem assinatura quando nao houver bloqueio (0.5963ms)
✔ deve manter bloqueio sem assinatura quando houver invoice bloqueante (1.2543ms)
✔ pagamento não reativa assinatura cancelada (0.6269ms)
✔ nao deve registrar novamente uma fatura que ja esta paga (0.5125ms)
✔ deve preservar o primeiro paidAt quando perder o compare-and-set concorrente (0.5095ms)
✔ limita lote e timeout mesmo quando a configuração tenta exceder os tetos (37.4978ms)
✔ consulta apenas endpoint oficial com timeout e redirect bloqueado (40.644ms)
✔ não quita fatura quando identidade, referência, valor, moeda ou método divergem (9.934ms)
✔ continua as próximas faturas e lança AggregateError sanitizado ao final (6.6142ms)
✔ recusa resposta acima do limite sem registrar o corpo do provedor (4.5138ms)
✔ não lê nem registra payload de resposta HTTP de erro (4.0795ms)
✔ suspensão manual tem precedência e não é reclassificada como financeira (33.3078ms)
✔ fatura após a tolerância aplica bloqueio BILLING e preserva CANCELADA (2.6691ms)
✔ não libera automaticamente assinatura cancelada mesmo sem fatura aberta (0.377ms)
✔ cura um bloqueio financeiro obsoleto quando todas as faturas foram regularizadas (0.3455ms)
✔ continua processando os trials posteriores e agrega falhas individuais (34.4006ms)
✔ abre o Pix cinco dias antes do vencimento (2.4282ms)
✔ mantém o Pix disponível durante tolerância e atraso (0.2368ms)
✔ não oferece Pix para fatura já paga (0.1597ms)
✔ deve bloquear invoice pendente apos 30 dias + 5 dias uteis (2.0513ms)
✔ nao deve bloquear invoice pendente dentro da tolerancia (0.2116ms)
✔ so deve reativar quando nao houver invoice bloqueante em aberto (0.2286ms)
✔ nao deve considerar invoice paga como bloqueante (0.1609ms)
✔ lista vazia nao deve bloquear (0.1667ms)
✔ início da cobrança usa a data em que restaurante e admin já existem (2.5012ms)
✔ calcula meses completos desde o início da assinatura (0.2657ms)
✔ addDays deve somar 30 dias corridos para mensalidade (5.676ms)
✔ addBusinessDays deve ignorar fim de semana (0.2297ms)
✔ aceita somente pagamento Pix aprovado que corresponde integralmente à fatura (2.1078ms)
✔ recusa divergência de identidade, referência, valor, moeda, método ou status (0.3424ms)
✔ recusa fatura sem o identificador externo persistido (0.1481ms)
✔ ignora id e restaurantId forjados no body e usa o tenant autenticado (42.1116ms)
✔ cria cupom normalizado somente no restaurante autenticado (33.6735ms)
✔ validade do resgate respeita o menor prazo entre carteira e campanha (0.7058ms)
✔ preserva campanha com resgate CLAIMED e orienta o admin a pausá-la (1.0514ms)
✔ preserva campanha com resgate USED e orienta o admin a pausá-la (0.4685ms)
✔ preserva campanha com resgate EXPIRED e orienta o admin a pausá-la (0.38ms)
✔ permite excluir campanha do restaurante quando ela nunca foi resgatada (3.8348ms)
✔ preserva o histórico se um resgate for criado durante a tentativa de exclusão (0.6031ms)
✔ lista progresso usando somente compras pagas e entregues do restaurante solicitado (0.8535ms)
✔ devolve carteira e histórico mesmo quando a campanha não está ativa (1.6028ms)
✔ resgata um ciclo, descarta o excedente anterior e reinicia o próximo em zero (1.2651ms)
✔ lista CLAIMED no ciclo seguinte a partir do instante do resgate (0.6741ms)
✔ USED mantém o mesmo ciclo iniciado no resgate, sem novo reset (0.4646ms)
✔ não permite resgatar de novo sem novas compras após o CLAIMED (0.5551ms)
✔ não libera cupom antes de o cliente completar as compras exigidas (0.401ms)
✔ não cria outro resgate enquanto a carteira ativa está no limite (0.4969ms)
✔ permite novo resgate recorrente depois que o cupom anterior foi usado (0.5121ms)
✔ expira CLAIMED vencido e libera a carteira sem devolver compras antigas (0.4385ms)
✔ job automático expira recompensas CLAIMED vencidas (0.3347ms)
✔ libera o primeiro ciclo ao completar a quantidade exigida de compras (1.2168ms)
✔ avança para o próximo ciclo usando somente as compras feitas após o resgate (4.7774ms)
✔ não transforma compras excedentes do ciclo anterior em um segundo resgate (0.2619ms)
✔ usar o cupom não reinicia o ciclo uma segunda vez (0.1951ms)
✔ limita apenas recompensas simultaneamente guardadas pelo cliente (0.1863ms)
✔ USED e EXPIRED liberam espaço para novo resgate recorrente (0.1659ms)
✔ valor fixo é calculado sem depender da distância (1.805ms)
✔ faixas incluem exatamente o limite configurado (0.3124ms)
✔ faixas são ordenadas antes do cálculo (0.9068ms)
✔ distância fora das faixas falha fechada (0.5093ms)
✔ modelo base não cobra adicional dentro da franquia (0.3161ms)
✔ modelo base calcula adicional proporcional por metro (0.1627ms)
✔ arredondamento monetário por metro é half-up e determinístico (0.175ms)
✔ modelos por distância rejeitam distância ausente ou negativa (0.2818ms)
✔ normalização rejeita valores negativos, precisão indevida e NaN (0.2179ms)
✔ normalização aceita vírgula e mantém centavos exatos (0.3842ms)
✔ faixas duplicadas são rejeitadas (0.3056ms)
✔ modelo por faixa exige ao menos uma faixa (0.1704ms)
✔ somente os modelos geográficos exigem distância confiável (0.6459ms)
✔ modelo desconhecido é recusado (4.1444ms)
✔ restaurantId enviado no body nunca participa da regra persistida (1.9816ms)
✔ restaurantId enviado no acerto é descartado e tenant vem da sessão (1.174ms)
✔ acerto limita quantidade e exige ids positivos (1.4785ms)
✔ divergência exige justificativa útil e limita tamanho (0.8021ms)
✔ dia, semana e mês seguem America/Sao_Paulo e semana começa segunda (47.288ms)
✔ limites usam intervalo fechado-aberto para não contar duas vezes (4.3958ms)
✔ mudança de horário de verão preserva meia-noite local (4.7087ms)
✔ virada do ano gera o próximo mês corretamente (8.375ms)
✔ fuso ausente usa o padrão seguro brasileiro (0.338ms)
✔ fuso IANA inválido é rejeitado (0.5865ms)
✔ competência mensal explícita respeita o timezone do restaurante (1.6858ms)
✔ dias civis ativos contam políticas iniciadas e encerradas no meio do mês (46.3339ms)
✔ somente dinheiro contra entrega pago entra como valor recebido (37.0678ms)
✔ PIX, cartão e dinheiro ainda não recebido não viram caixa do motoqueiro (0.4795ms)
✔ criação prende pedidos ao tenant, motoqueiro, status entregue e não pago (3.162ms)
✔ pedido real de outro tenant é recusado sem criar acerto (1.5254ms)
✔ conflito concorrente do índice parcial é convertido em erro seguro (1.7068ms)
✔ confirmação do motoqueiro marca somente pedidos entregues do próprio tenant (1.7613ms)
✔ confirmação falha atomicamente se nem todos os pedidos puderem ser quitados (0.6039ms)
✔ confirmar duas vezes é idempotente e não reescreve pedidos (0.4407ms)
✔ divergência nunca marca courierPaidAt (0.5788ms)
✔ cancelamento concorrente não sobrescreve acerto já confirmado (1.2275ms)
✔ normaliza bandeiras retornadas pelos provedores (0.9561ms)
✔ não persiste um identificador de bandeira arbitrário (0.1935ms)
✔ never exposes the PagBank token in a customer payment method response (3.4418ms)
✔ FIXED_MONTHLY e prorrateio NONE preservam integralmente os centavos (1.9131ms)
✔ CALENDAR_DAYS usa divisão inteira com arredondamento half-up (0.2032ms)
✔ HOURLY calcula minutos sem float e arredonda meio centavo para cima (0.2379ms)
✔ basis points usa 100 = 1% e 10.000 = 100% (0.6752ms)
✔ soma e validação monetária recusam float e overflow (0.6294ms)
✔ garçom aceita fixo mais comissão, somente comissão e por hora mais comissão (0.2007ms)
✔ FIXED_PER_TABLE e TABLE_SALES_PERCENTAGE usam configurações exclusivas (2.1368ms)
✔ cozinheiro e atendente recusam todas as comissões automáticas de mesa (0.4465ms)
✔ settlement agrega créditos e débitos sem permitir total negativo (1.3924ms)
✔ projeta comissão sobre a taxa de serviço paga e congela a versão da política (27.6633ms)
✔ reembolso parcial gera somente o débito incremental e a repetição é idempotente (1.6947ms)
✔ reembolso total compensa integralmente um ganho já lançado (0.3777ms)
✔ valida e normaliza os dados obrigatórios na criação do funcionário (30.056ms)
✔ rejeita criação sem telefone e senhas divergentes (11.3274ms)
✔ canonicaliza funcionário legado sem subcargo como atendente (140.4831ms)
✔ valida atualização parcial e rejeita e-mail inválido (2.9177ms)
✔ a listagem solicita apenas campos públicos e nunca o hash de senha (0.8193ms)
✔ impede atualização de funcionário pertencente a outro restaurante (0.7427ms)
✔ atualização parcial preserva cargo e telefone quando não foram enviados (4.829ms)
✔ permite mover um acesso para motoqueiro e remove o subcargo incompatível (2.0404ms)
✔ desativação revoga a sessão renovável do funcionário no mesmo tenant (0.5674ms)
✔ exige transferência antes de retirar o subcargo de um garçom responsável (1.0373ms)
✔ preserva a remuneração base e remove a variável ao sair de GARCOM (12.6106ms)
✔ impede desativar garçom enquanto ele responde por mesa aberta (0.8245ms)
✔ mantém mensagens de validação local sem expor detalhes internos (1.6432ms)
✔ não devolve credencial ou mensagem de autenticação recebida do provedor (0.4802ms)
✔ distingue cota esgotada de excesso temporário de solicitações (0.1966ms)
✔ traduz timeout e falhas inesperadas sem devolver a mensagem original (0.265ms)
✔ mapeia configuração ausente e resultado vazio para estados operacionais corretos (2.1875ms)
✔ usa uma composição quadrada e sem texto para a capa de acesso (1.1356ms)
✔ usa composição horizontal com área segura para o texto do banner (0.2484ms)
✔ envia busca limitada ao Pexels e ignora URLs fora dos hosts permitidos (1.8077ms)
✔ converte ausência de chave e falha do Pexels em erro controlado (0.9539ms)
✔ aceita upload WebP persistente e mantém foto opcional (8.3309ms)
✔ recusa MIME falso e formatos de arquivo não permitidos (0.6942ms)
✔ não aceita URL arbitrária nem protocolos inseguros (0.282ms)
✔ bloqueia download quando DNS resolve para localhost ou rede privada (1.1579ms)
✔ valida tipo declarado e assinatura real da imagem baixada (0.4935ms)
✔ rejeita token de seleção expirado (2.4785ms)
✔ não segue redirect retornado pelo provedor (0.6378ms)
✔ busca de imagens exige autenticação (167.1839ms)
✔ middleware administrativo recusa usuário de outro papel (0.3836ms)
✔ monta busca contextual, limita resultados e não expõe segredos (11.0886ms)
✔ usa cache curto para busca idêntica e nova página para pesquisar novamente (10.3283ms)
✔ mantém o cache de buscas limitado (159.4623ms)
✔ recusa query vazia e converte falha do provider em erro controlado (3.045ms)
✔ token de seleção só pode ser importado pelo tenant que fez a busca (3.3663ms)
✔ lista categorias dinâmicas apenas do restaurante autenticado (95.8761ms)
✔ cria ingrediente exclusivamente no restaurante autenticado (2.5024ms)
✔ persiste imagem válida e mantém ingrediente sem imagem válido (1.7048ms)
✔ não atualiza ingrediente pertencente a outro restaurante (1.4763ms)
✔ exige categoria em ingredientes novos (1.3235ms)
✔ atualiza a categoria apenas dentro do restaurante autenticado (0.5125ms)
✔ remove somente a imagem do ingrediente do restaurante autenticado (0.4879ms)
✔ não exclui ingrediente pertencente a outro restaurante (0.3733ms)
✔ payload V1 preserva customizações da cozinha e remove CPF da observação (9.7903ms)
✔ payload usa endereço persistido somente em DELIVERY (0.4955ms)
✔ customização legada de ingredients mantém o mesmo fallback da cozinha (0.2562ms)
✔ payload apresenta quantidade, remoções e porções do snapshot versionado (0.4057ms)
✔ sanitização e payload TEST não carregam dados de pedido (0.2254ms)
✔ configuração aceita somente triggers, larguras e cópias suportadas (23.895ms)
✔ heartbeat e erro do agente são strict e limitados (3.5616ms)
✔ credencial do agente usa segredo forte, hash e formato parseável (6.1474ms)
✔ rotação invalida segredo anterior e redaction nunca devolve o token completo (0.8442ms)
✔ tokens malformados são recusados (0.1857ms)
[KITCHEN_PRINTING] {
  event: 'PRINT_JOB_CREATED',
  restaurantId: 7,
  jobPublicId: '10000000-0000-4000-8000-000000000001',
  orderId: 91,
  source: 'AUTOMATIC'
}
[KITCHEN_PRINTING] {
  event: 'PRINT_JOB_CREATED',
  restaurantId: 7,
  jobPublicId: '10000000-0000-4000-8000-000000000001',
  orderId: 91,
  source: 'AUTOMATIC'
}
[KITCHEN_PRINTING] {
  event: 'PRINT_JOB_CREATED',
  restaurantId: 7,
  jobPublicId: '20000000-0000-4000-8000-000000000001',
  orderId: 91,
  source: 'MANUAL'
}
[KITCHEN_PRINTING] {
  event: 'PRINT_JOB_CREATED',
  restaurantId: 7,
  jobPublicId: '20000000-0000-4000-8000-000000000002',
  orderId: 91,
  source: 'MANUAL'
}
✔ restaurante disabled não cria job e NEW_ORDER habilitado deduplica no banco (36.6428ms)
✔ PAYMENT_CONFIRMED não cria antes de paid e mudança de trigger não duplica (0.9341ms)
✔ reimpressão manual cria solicitações próprias e valida ator/tenant (1.9489ms)
✔ erro reportado pelo agente remove token e cabeçalhos sensíveis (0.4964ms)
✔ aceita apenas HTTPS no dominio oficial do iFood (1.6667ms)
✔ bloqueia redes privadas, loopback, link-local e enderecos especiais (6.4501ms)
✔ rejeita quando qualquer resposta DNS aponta para rede interna (0.7137ms)
✔ revalida dominio e DNS em cada redirecionamento (0.3862ms)
✔ aceita somente resposta HTML nao vazia e retorna URL final validada (0.4693ms)
[REALTIME_TRANSPORT_NOT_CONFIGURED]
✔ webhook Asaas não combina orderId real do Restaurante B com restaurantId do Restaurante A (35.0946ms)
✔ webhook Asaas de PIX não confirma id externo diferente do vinculado (0.7693ms)
✔ webhook Asaas de cartão não confirma id externo diferente do vinculado (0.3987ms)
✔ webhook Asaas confirma cartão quando o id externo corresponde ao vinculado (1.2485ms)
✔ criação não expõe metadados privados da tentativa mesmo com retorno interno completo (26.4886ms)
✔ falha inesperada não revela mensagem de banco e mantém requestId (0.673ms)
✔ conflitos e dados inválidos conservam respostas de domínio (1.7295ms)
[PIX_PAYMENT_CREATION_UNCERTAIN] { orderId: 91, restaurantId: 7, errorType: 'Error' }
[PIX_PAYMENT_CREATION_UNCERTAIN] { orderId: 91, restaurantId: 7, errorType: 'Error' }
✔ falha ambígua preserva pedido PIX e reservas, inclusive com webhook pago=false (27.1712ms)
✔ falha ambígua preserva pedido PIX e reservas, inclusive com webhook pago=true (1.0221ms)
[REALTIME_TRANSPORT_NOT_CONFIGURED]
✔ deve cadastrar o restaurante, abrir checkout de cartao e marcar o pedido como pago no webhook (120.8689ms)
✔ deve marcar o pedido como pago apos a confirmacao (1.6582ms)
[ORDER_CARD_WEBHOOK_ERROR] { errorType: 'Error' }
✔ deve rejeitar webhook Stripe sem assinatura quando secret esta configurado (3.495ms)
✔ deve rejeitar webhook Stripe pago sem metadata obrigatoria (0.6595ms)
✔ deve retornar erro quando assinatura Stripe for invalida (7.0441ms)
✔ deve finalizar pedido no webhook Stripe quando payload valido (0.9169ms)
✔ não finaliza webhook Stripe pago com valor divergente (1.1284ms)
✔ não finaliza webhook Stripe pago com moeda divergente (0.6851ms)
✔ não finaliza webhook Stripe pago com sessão divergente (0.6143ms)
✔ reconcilia webhook PagBank Orders de cartão com evidência válida (9.2679ms)
✔ reconcilia webhook PagBank Orders de cartão com valor divergente (0.8312ms)
✔ deve exigir restaurantId no webhook Mercado Pago quando fallback global estiver desativado (1.1546ms)
✔ interpreta a referencia Mercado Pago de cartao na ordem orderId/restaurantId (0.4126ms)
✔ deve exigir restaurantId no webhook PagBank quando fallback global estiver desativado (1.0329ms)
✔ não finaliza webhook PagBank pago com valor divergente (10.9755ms)
✔ não finaliza webhook PagBank pago com valor ausente (1.3487ms)
✔ remove material interno em envelopes aninhados sem alterar o objeto usado pela transação (3.5476ms)
✔ eventos por sala e globais não expõem material de idempotência nem HMAC (0.5934ms)
✔ atendente só recebe permissão de transição para ENTREGUE (0.9652ms)
✔ confirmPayment bloqueia confirmação tardia de pedido cancelado (32.6807ms)
✔ confirmPayment permanece idempotente quando outra confirmação venceu a corrida (0.355ms)
✔ confirmPayment sincroniza o pedido e somente as unidades ativas da conta da mesa (2.8083ms)
✔ confirmPixPayment sincroniza a conta da mesa e preserva os dados da confirmação (0.5597ms)
✔ updateStatusIfCurrent rejeita cancelamento com leitura de pagamento obsoleta (0.4855ms)
✔ updateStatusIfCurrent grava quando status e pagamento ainda correspondem (0.2643ms)
✔ busca para cancelamento de cliente global deriva o tenant sem abrir acesso cruzado (0.3359ms)
✔ claim atomico impede dois estornos concorrentes do mesmo pedido (43.0882ms)
✔ retry após sucesso financeiro apenas conclui cancelamento sem chamar gateway (2.4233ms)
✔ falha operacional após gateway preserva SUCCEEDED e retry não duplica estorno (1.0713ms)
✔ falha do provedor mantém pedido ativo e registra FAILED sem falso positivo (1.2716ms)
✔ pagamento na entrega cancela sem chamar qualquer provedor (1.1653ms)
✔ cancelamento de pedido da mesa retira as unidades não pagas da conta (9.3535ms)
✔ estorno concluído marca pedido e unidades da mesa como REFUNDED (0.6007ms)
[REALTIME_TRANSPORT_NOT_CONFIGURED]
✔ convidado cancela somente pedido vinculado ao próprio participante e sessão (16.0146ms)
✔ não revela nem cancela pedido de outro participante ou tenant (1.0597ms)
✔ pedido em preparo exige autorização quando a configuração do restaurante estiver ativa (0.6544ms)
✔ restaurante pode permitir que o participante cancele o próprio pedido em preparo (1.2472ms)
✔ repositório mantém a busca presa à chave composta do participante (0.5711ms)
[CUSTOMER_NOTIFICATION_SETTINGS_ERROR] { restaurantId: 7, message: 'PrismaClientInitializationError' }
[CUSTOMER_NOTIFICATION_SETTINGS_ERROR] { restaurantId: 7, message: 'PrismaClientInitializationError' }
✔ cleanup libera reservas válidas, expira as vencidas e preserva as USED (30.3118ms)
✔ retirada persiste GPS quando informado e também funciona sem localização (38.3358ms)
✔ retirada rejeita GPS inválido antes da transação quando localização é informada (3.9819ms)
✔ detalhe do motoqueiro usa somente pedido disponível ou atribuído à própria conta (0.5929ms)
✔ motoqueiro não conclui entrega atribuída a outra conta (2.9719ms)
✔ motoqueiro conclui dinheiro no handoff com código e pagamento é confirmado na mesma transação (3.3342ms)
✔ PIN de pagamento só pode ser solicitado e usado pelo motoqueiro atribuído (1.2236ms)
✔ consulta do repositório prende tenant, canal, pagamento, status e atribuição (0.6741ms)
[CUSTOMER_NOTIFICATION_SETTINGS_ERROR] { restaurantId: 7, message: 'PrismaClientInitializationError' }
[CUSTOMER_NOTIFICATION_SETTINGS_ERROR] { restaurantId: 7, message: 'PrismaClientInitializationError' }
[CUSTOMER_NOTIFICATION_SETTINGS_ERROR] { restaurantId: 7, message: 'PrismaClientInitializationError' }
[CARD_PAYMENT_CREATION_UNCERTAIN] { orderId: 321, restaurantId: 7, errorType: 'Error' }
[ASAAS_CARD_SPLIT_FALLBACK] Asaas rejeitou split. Recriando checkout sem split. { orderId: 654, restaurantId: 9, systemFee: 4.5 }
✔ timeout após cobrança de cartão preserva pedido confirmado, estoque e cupom (4.8452ms)
✔ não cria checkout de cartão fora da agenda semanal (28.5843ms)
✔ não cria checkout quando o restaurante desativou pagamentos com cartão (0.7443ms)
✔ deve abrir checkout de cartao usando a configuracao PagBank do restaurante (4.9467ms)
✔ deve abrir checkout de cartao com Asaas e fazer fallback sem split quando rejeitado (4.7255ms)
✔ deve reutilizar token Asaas sem expor os dados completos do cartão (1.4876ms)
✔ não confirma cartão salvo Asaas com valor divergente na resposta aprovada (0.9589ms)
✔ não confirma cartão salvo PagBank com valor divergente na resposta paga (1.2864ms)
✔ retorna paid somente quando a finalização canônica confirma o cartão (2.4995ms)
[REALTIME_TRANSPORT_NOT_CONFIGURED]
✔ bloqueia a criação do pedido fora da agenda semanal (32.3502ms)
✔ persiste opções agrupadas e observação sem vazar metadados de criação em resposta/eventos (12.6809ms)
✔ reenvio confirmado não revalida estoque ou abertura e não repete eventos (1.7199ms)
✔ não permite que o cliente marque cartão como pago no payload de criação (1.0592ms)
✔ pedido de mesa convidado vincula participante e cria uma unidade financeira por quantidade (4.4708ms)
✔ interrompe sem gravar quando a mesa fecha entre a validação inicial e a transação (0.9594ms)
✔ pagamento imediato mantém cartão no pedido e reserva as unidades como PROCESSING (1.4771ms)
✔ usa a primeira faixa quando a rota tem 1 km (8.7372ms)
✔ usa a faixa de até 5 km quando a rota tem 4 km (18.2691ms)
✔ usa a faixa de até 8 km quando a rota tem 6,4 km (0.2996ms)
✔ considera fora da área quando a rota ultrapassa a maior faixa ativa (0.7063ms)
✔ ignora faixas inativas (0.2723ms)
✔ consulta o pedido atual somente pela sessão, tenant e participante validados (28.2661ms)
✔ não consulta o banco sem os três identificadores internos validados (0.3671ms)
✔ repositório não seleciona dados pessoais nem detalhes do pagamento (0.6735ms)
✔ usa osrm como provider padrao (3.5757ms)
✔ seleciona geoapify por variavel de ambiente (1.4021ms)
✔ rejeita provider desconhecido (1.4649ms)
✔ geoapify converte enderecos em coordenadas e retorna a distancia da rota (32.6351ms)
✔ cliente dono recebe rastro, destino salvo e geometria da rota (35.6773ms)
✔ nega outro cliente, outro motoqueiro e pedido que não seja delivery (1.1657ms)
✔ motoqueiro atribuído precisa manter conta ativa no mesmo tenant (1.2728ms)
✔ admin precisa continuar ativo no restaurante do pedido (0.6161ms)
✔ retorna pendente somente para o participante dono do pedido de mesa (34.9513ms)
✔ não revela pedido de mesa para outro participante (0.9713ms)
✔ confirma somente o pedido canônico pertencente ao cliente autenticado (0.7102ms)
✔ aceita o publicId como credencial de retorno para pedido convidado e preserva cancelamento (0.3838ms)
✔ rejeita UUID inválido e pedidos que não são checkout online de cartão (1.2274ms)
✔ calcula rota até o endereço persistido e devolve destino e geometria segura (37.1859ms)
✔ cache de geometria nunca reaproveita o endereço textual de outro pedido (2.1428ms)
✔ aplica timeout nas chamadas do geocoder e do OSRM (1.3799ms)
✔ limita caches para evitar crescimento sem controle no processo (3.2948ms)
✔ fila da cozinha mantém MESA, RETIRADA e DELIVERY do mesmo tenant com itens completos (5.0537ms)
✔ consulta operacional inclui conta da mesa e oculta somente PIX/cartão online ainda não pagos (0.5381ms)
✔ pagamento digital não confirmado não avança na cozinha em nenhum canal (1.522ms)
✔ máquina de estados e permissão restringem a cozinha a PENDENTE → PREPARANDO → PRONTO (1.7464ms)
✔ CAS do status prende tenant, estado e pagamento e grava os relógios da cozinha (0.9647ms)
✔ pedido MESA chega ao garçom e à sessão apenas pelas rooms específicas (0.7666ms)
✔ motoqueiro usa consulta exclusiva e vinculada ao proprio usuario (32.7224ms)
✔ motoqueiro sem id autenticado nao acessa entregas (3.2644ms)
✔ cozinha continua usando a consulta operacional do restaurante (0.8609ms)
[REALTIME_TRANSPORT_NOT_CONFIGURED]
✔ cancelamento do cliente usa workflow compartilhado com vínculo de usuário e tenant (4.0365ms)
✔ cliente do restaurante A não consulta nem cancela pedido real do restaurante B (1.4196ms)
✔ admin atual precisa pertencer ao mesmo restaurante antes de estornar (10.5269ms)
✔ ADMIN do restaurante A não estorna pedido real pertencente ao restaurante B (2.4375ms)
✔ admin autorizado usa o mesmo workflow idempotente do cancelamento do cliente (11.8295ms)
✔ pedido entregue é rejeitado antes de gateway, cancelamento ou estoque (1.2717ms)
✔ controllers ignoram restaurantId forjado em body, query e params (0.7583ms)
✔ controllers não expõem erro técnico inesperado de banco (0.8001ms)
✔ Restaurante A não carrega o chat de um pedido real do Restaurante B (29.8193ms)
✔ Restaurante A não adiciona mensagem ao thread pertencente ao Restaurante B (1.528ms)
✔ resolução do chat repete restaurantId na leitura e na própria escrita (1.3507ms)
✔ não gera cobrança PIX fora da agenda semanal (74.8195ms)
✔ subtotal PIX inclui adicionais da montagem usando preços do restaurante (4.806ms)
✔ subtotal PIX rejeita opção de outro grupo ou restaurante (0.8351ms)
✔ Mercado Pago repete a mesma chave e o mesmo pagador na retomada (39.3399ms)
✔ PagBank usa a chave persistida, inclusive após timeout (39.3817ms)
✔ Asaas retoma cobrança existente por referência sem qualquer POST (5.2618ms)
✔ Asaas recusa retomada ambígua ou divergente ([]) sem recriar (1.4434ms)
✔ Asaas recusa retomada ambígua ou divergente ([{"id":"wrong","externalReference":"other-tenant","value":25}]) sem recriar (3.2837ms)
✔ Asaas recusa retomada ambígua ou divergente ([{"id":"wrong","externalReference":"orderpix:7:91","value":0.01}]) sem recriar (0.9453ms)
✔ Asaas recusa retomada ambígua ou divergente ([{"id":"a","externalReference":"orderpix:7:91","value":25},{"id":"b","externalReference":"orderpix:7:91","value":25}]) sem recriar (0.6167ms)
✔ confirma pagamento Asaas somente com referência, valor e moeda do pedido (63.6913ms)
✔ rejeita pagamento Asaas aprovado com valor diferente do total do pedido (1.6477ms)
✔ rejeita pagamento Asaas criado para outro pedido (0.9954ms)
✔ confirma Mercado Pago somente com referência, valor e moeda do pedido (0.4059ms)
✔ rejeita Mercado Pago aprovado com vínculo financeiro divergente (1.0409ms)
✔ aplica as mesmas invariantes financeiras ao Pix PagBank (0.6748ms)
✔ normaliza referência, valor e moeda retornados pelo Mercado Pago (0.6007ms)
✔ normaliza referência, centavos e moeda retornados pelo PagBank (1.0608ms)
✔ não permite reutilizar pixPaymentId já vinculado a outro pedido (0.6121ms)
✔ usa a faixa correspondente à distância real da rota (35.8859ms)
✔ frete grátis zera o valor depois de validar uma rota dentro da área (0.9532ms)
✔ frete grátis não permite entrega fora da maior faixa ativa (1.4224ms)
✔ calcula promoção apenas no preço-base, cupom depois e taxa por último (53.1745ms)
✔ rejeita recompensa vencida antes de calcular o desconto (1.845ms)
✔ aceita recompensa já emitida mesmo quando a campanha foi pausada depois (0.7552ms)
✔ preserva o expiresAt emitido quando o fim global da campanha é encurtado depois (0.5755ms)
✔ rejeita recompensa pertencente a outro cliente ou restaurante (0.9673ms)
✔ soma linhas repetidas do mesmo produto antes de validar o estoque (0.7582ms)
✔ não reserva recompensa quando o arredondamento produzir desconto zero (1.2543ms)
✔ zera a taxa quando o subtotal alcança o valor de frete grátis (0.6533ms)
✔ rejeita canais desativados nas configurações do restaurante (1.4427ms)
[LATE_CANCELLED_PAYMENT_REFUNDED] { orderId: 40, restaurantId: 7, paymentMethod: 'PIX' }
✔ evento terminal cancela pedido pendente e libera apenas a reserva vinculada (32.5426ms)
✔ pagamento tardio cancelado é estornado uma vez e marcado para idempotência (3.7629ms)
✔ roteia PIX Asaas para o endpoint oficial usando a credencial do restaurante (29.2987ms)
✔ roteia cartao Asaas e usa fallback global somente quando habilitado (1.315ms)
✔ estorna PIX PagBank localizando a charge paga com idempotencia (1.5283ms)
✔ estorna cartao PagBank pago pelo endpoint de refunds com credenciais na query (1.8547ms)
✔ mantem pedido ativo com erro seguro quando PagBank recusa estorno do cartao (1.5222ms)
✔ bloqueia identificador de cartao PagBank sem transacao antes do Stripe (0.6008ms)
✔ retorna erro seguro quando o Asaas recusa o estorno (0.8364ms)
✔ usa PaymentRefund oficial do Mercado Pago para PIX e cartao com chave idempotente (4.5143ms)
✔ estorna cartao Stripe com a mesma chave idempotente do pedido (0.9713ms)
✔ garçom lista somente pedidos MESA prontos do próprio restaurante (27.6712ms)
✔ detalhe do garçom usa consulta segura MESA/PRONTO e não a consulta administrativa (1.2704ms)
✔ consulta pronta aplica tenant, canal, status, pagamento confirmado e resposta sem contato (0.7807ms)
✔ consulta de entrega exige pedido pronto em sessão ativa do mesmo restaurante (0.4462ms)
✔ fila da cozinha recebe o número correto da mesa sem expor o token do QR (0.5629ms)
✔ cozinha consulta detalhe pela visão operacional e exige subperfil válido (0.7287ms)
✔ garçom altera somente para ENTREGUE; cozinha continua limitada ao preparo (0.3369ms)
✔ garçom entrega somente pedido MESA/PRONTO sem confirmar pagamento automaticamente (13.6336ms)
✔ garçom não entrega outro canal, pedido não pronto ou altera para outro status (0.6517ms)
✔ garçom não entrega pedido pronto cuja sessão de mesa já encerrou ou expirou (0.3924ms)
✔ reserva somente recompensa reivindicada pelo cliente no mesmo restaurante (7.6946ms)
✔ falha atomicamente quando a recompensa já foi reservada por outro pedido (20.2684ms)
✔ marca CLAIMED vencido como EXPIRED durante a reserva atômica (0.4146ms)
✔ confirma uso e não restaura a recompensa ao cancelar ou estornar (0.626ms)
✔ libera reserva ainda não usada e remove o vínculo do pedido (0.347ms)
✔ reserva vencida vira EXPIRED ao ser liberada e não volta para a carteira (0.3194ms)
✔ fingerprint é estável e o escopo usa a identidade autenticada (16.6162ms)
✔ retry repete somente conflito de serialização/índice da tentativa e tem limite (22.4241ms)
✔ replay consulta restaurante/ator/chave, devolve o pedido e recusa conteúdo conflitante (0.5746ms)
✔ identifica o provedor pelo prefixo do pagamento (1.6836ms)
✔ valida CPF e normaliza chave Pix (0.5088ms)
✔ gera payload Pix EMV com CRC (0.764ms)
✔ cancelar repõe a quantidade agregada sem reativar disponibilidade manual (1.9724ms)
✔ gera código estável de quatro dígitos para a mesma entrega (2.501ms)
✔ valida somente o código pertencente à mesma entrega (0.5172ms)
✔ permite que somente o cliente dono confirme o recebimento de uma entrega (1.0507ms)
✔ recusa confirmação de outro cliente e de pedidos ainda não entregues (0.5695ms)
✔ não emite nova confirmação quando o cliente já confirmou (0.167ms)
✔ monta o destino completo do pedido para a rota (1.0853ms)
✔ interpreta a duracao retornada pelo OSRM (1.0031ms)
✔ converte a geometria GeoJSON do OSRM sem aceitar coordenadas inválidas (0.2879ms)
✔ reduz rotas extensas preservando o início e o destino (0.3887ms)
✔ COMPLETE mantém preço-base e rejeita montagem artificial (2.6969ms)
✔ usa additionalPrice do vínculo sem confiar no preço global do ingrediente (2.3066ms)
✔ multiplica quantidade e respeita limites configurados (1.6494ms)
✔ opção ABSOLUTE define o preço-base e mantém adicionais separados (0.3466ms)
✔ registra somente remoções permitidas e congela nomes no snapshot (1.202ms)
✔ rejeita versão desatualizada e configuração cross-tenant (0.3266ms)
✔ calcula HIGHEST, AVERAGE, PROPORTIONAL e FIXED para porções (0.7275ms)
✔ ADD soma deltas e três frações arredondam deterministicamente (0.3915ms)
✔ porções respeitam mínimo, máximo e opções do grupo configurado (0.4695ms)
✔ emite comprovante restrito ao pedido e publicId (9.3665ms)
✔ recusa usar o comprovante em outro pedido (1.8868ms)
✔ recusa comprovante adulterado (2.918ms)
✔ recusa algoritmo diferente de HS256 (2.2352ms)
✔ emite acesso de visitante restrito ao pedido e publicId (7.7416ms)
✔ recusa reutilizar token em outro pedido (1.133ms)
✔ recusa token adulterado (0.6806ms)
✔ recusa token assinado com algoritmo diferente de HS256 (0.5955ms)
✔ aceita pedidos abaixo do limite simultâneo (0.9322ms)
✔ bloqueia pedidos ao atingir o limite simultâneo (0.5494ms)
✔ normaliza limite inválido para o padrão seguro (0.1464ms)
✔ usa o restaurante definido pela autenticação ou sessão (1.7315ms)
✔ aceita o restaurante solicitado apenas quando não há tenant no contexto (0.2785ms)
✔ rejeita tentativa de enviar pedido para outro restaurante (0.5323ms)
✔ rejeita tenant ausente ou inválido (0.2868ms)
✔ protege e valida o PIN sem armazenar o valor original (1.9274ms)
✔ aceita temporariamente PIN legado em texto puro (0.3116ms)
✔ compara valores decimais e minor units em centavos exatos (1.0317ms)
✔ rejeita valor, moeda ou campos financeiros divergentes (0.203ms)
✔ mantém compatibilidade legada e calcula o preço no servidor (2.7252ms)
✔ resolve grupos, adicionais e snapshot completo (1.1473ms)
✔ monta o registro persistido com grupos, observação normalizada e preço do servidor (0.8149ms)
✔ salva observação vazia como null e mantém snapshot legado para pedidos antigos (0.2164ms)
✔ aceita seleção estruturada e valida associação grupo-opção (0.6782ms)
✔ valida obrigatório, escolha única e máximo do grupo (0.7973ms)
✔ rejeita opção indisponível, repetida ou de outro restaurante (0.7982ms)
✔ permite novos pedidos por padrão (1.5226ms)
✔ bloqueia novos pedidos quando o restaurante estiver fechado (0.7779ms)
✔ respeita o dia e o intervalo configurados na agenda semanal (27.0606ms)
✔ mantém aberto depois da meia-noite quando o turno começou no dia anterior (0.3834ms)
✔ usa São Paulo mesmo quando a virada do dia diverge do relógio UTC do servidor (0.3191ms)
✔ respeita a mudança histórica de horário de verão em São Paulo (0.2492ms)
✔ aceita timezone explícito e faz fallback seguro para São Paulo (0.7747ms)
✔ o fechamento manual tem prioridade sobre uma agenda aberta (0.165ms)
✔ normaliza os sete dias e permite turno que termina na madrugada (0.2005ms)
✔ rejeita agenda incompleta, horários inválidos e horários iguais em dia aberto (0.3824ms)
✔ Point autenticado encaminha retirada sem passar pelas regras de entrega (37.144ms)
✔ Point de entrega preserva o reconciliador anterior (5.4658ms)
✔ assinatura inválida não consulta nem reconcilia pagamentos (0.5621ms)
✔ falha de conciliação retorna 500 sem divulgar mensagem do provedor (5.4129ms)
✔ usa a URL exclusiva de pedidos e preserva query existente (2.5527ms)
✔ deriva o webhook de pedidos do backend sem reutilizar o webhook de billing (0.4248ms)
✔ não publica webhook sem backend de pedidos e restaurante válidos (0.3495ms)
✔ valida pagamentos e orders Point, incluindo timestamp em segundos e milissegundos (2.229ms)
✔ rejeita corpo divergente, URL alterada, header ausente/duplicado e assinatura inválida (0.6165ms)
✔ configuração permite aplicações distintas e rotação, rejeitando JSON inválido (1.1932ms)
✔ entrada falha fechada sem segredo e não aceita assinatura inválida (4.0831ms)
✔ cria modelo privado normalizado e registra o ator da auditoria (43.356ms)
✔ recusa nome já reservado no restaurante, mesmo em modelo desativado (1.4147ms)
✔ recusa renomear um modelo para o nome de outro modelo do tenant (0.7315ms)
✔ recusa ingrediente que não pertence ao restaurante (0.6181ms)
✔ recusa porções ligadas a uma etapa ausente (1.0655ms)
✔ publica imagens persistidas como recursos cacheáveis sem carregar base64 no JSON (64.7487ms)
✔ cria produto COMPLETE sem grupos de opções (63.3696ms)
✔ mantém compatibilidade inferindo BUILDABLE quando cliente legado envia grupos (3.274ms)
✔ exige confirmação antes de apagar configuração BUILDABLE (1.78ms)
✔ converte BUILDABLE para COMPLETE e remove os grupos após confirmação (1.4682ms)
✔ preserva os bytes da imagem ao salvar um produto carregado por URL pública (30.6008ms)
✔ aceita uma nova imagem enviada pelo administrador (3.1403ms)
✔ ADMIN do Restaurante A não atualiza produto real pertencente ao Restaurante B (1.0915ms)
✔ aplica percentual vigente e devolve pricing público autoritativo (1.4717ms)
✔ ignora promoção agendada, expirada ou desativada (0.4464ms)
✔ limita desconto fixo ao preço-base sem afetar valores negativos (0.1829ms)
✔ entrega a imagem binária com cache e permissão cross-origin (132.7142ms)
✔ mantém imagens externas como redirecionamentos sem buscar o conteúdo no servidor (24.1689ms)
✔ não expõe mídia quando os identificadores são inválidos (18.5416ms)
✔ busca somente a mídia do restaurante validado (35.6761ms)
✔ isola o banner pelo restaurante e rejeita mídia ausente (3.2136ms)
✔ busca a imagem do produto dentro do restaurante informado (0.6968ms)
✔ busca a imagem do ingrediente dentro do restaurante informado (0.3949ms)
✔ cria referência versionada somente para imagem persistida no banco (1.0427ms)
✔ reconhece somente a referência pública do mesmo produto e restaurante (0.3176ms)
✔ retorna somente restaurantId e revision com cache condicional (160.4331ms)
✔ encaminha corretamente os seletores slug e default ao serviço (15.1346ms)
✔ responde 400 quando o seletor público é inválido (12.3443ms)
✔ usa lista permitida de campos e remove qualquer chave PIX do resultado (47.2167ms)
✔ redige a chave PIX informada caso uma excecao inesperada a contenha (0.627ms)
✔ repository persiste segredo cifrado e devolve valor somente em memória (36.8171ms)
✔ repository descriptografa credenciais ao buscar configuração privada (1.1588ms)
✔ atualização privada usa o restaurantId na própria query e no contexto criptográfico (1.5743ms)
✔ update parcial preserva credenciais de gateway que não foram enviadas (7.1472ms)
✔ null explícito continua removendo a credencial solicitada (40.8606ms)
✔ consulta a revisão pelo tenant sem carregar logo, capa ou imagens de banner (33.0116ms)
✔ lê pela chave anterior e recriptografa atomicamente para a chave atual (3.2517ms)
✔ criptografa com AES-GCM e autentica contexto de tenant/campo (1.1192ms)
✔ mantém leitura compatível com registros legados em texto puro (0.2381ms)
✔ produção exige chave válida com 32 bytes (0.3564ms)
✔ usa por padrão os endpoints oficiais dos provedores (1.5252ms)
✔ produção rejeita host arbitrário mesmo com flag de override (0.7085ms)
✔ override local só funciona mediante flag explícita (0.4297ms)
✔ rejeita URL com credenciais, query string ou fragmento (0.2552ms)
✔ sandbox oficial do PagBank é permitido fora de produção sem liberar hosts arbitrários (0.1986ms)
✔ state OAuth só pode ser consumido uma vez (50.749ms)
✔ novo início OAuth invalida state anterior do mesmo usuário/provedor (2.0309ms)
✔ state de um provedor não pode ser usado no callback de outro (14.6081ms)
✔ incremento de authVersion revoga state OAuth ainda não consumido (8.2337ms)
✔ state OAuth é revogado para usuário inativo (1.5442ms)
✔ state OAuth é revogado para usuário que deixou de ser ADMIN (1.1246ms)
✔ state OAuth é revogado para usuário movido para outro restaurante (0.8388ms)
✔ não cria state para usuário sem vínculo ADMIN ativo com o restaurante (0.3768ms)
✔ deve cadastrar banco e cartao como um dono de restaurante e normalizar os dados (66.7333ms)
✔ deve rejeitar cadastro quando o documento do titular da conta nao bater com o cadastro (1.2116ms)
✔ normaliza e persiste uma agenda semanal válida ao criar configurações (0.8892ms)
✔ rejeita agenda semanal inválida ao criar configurações (0.3519ms)
✔ normaliza a agenda semanal antes de atualizar configurações (1.8699ms)
✔ rejeita horário igual em dia aberto ao atualizar configurações (0.4429ms)
✔ persiste os canais, aparência, SEO, WhatsApp e redes sociais do restaurante (1.179ms)
✔ rejeita documento comercial com dígitos verificadores inválidos ao criar (1.0503ms)
✔ rejeita valores e booleanos inválidos nas regras de pedidos (0.5909ms)
✔ valida capa, descrição e nome antes de persistir a identidade (0.7292ms)
✔ atualiza marca, negócio, endereço e regras dos pedidos no restaurante correto (0.8331ms)
✔ gera uma revisão estável usando restaurante, configurações e banners ativos (32.4167ms)
✔ altera a revisão quando uma configuração ou a lista de banners ativos muda (0.8479ms)
✔ resolve slug e default mantendo a consulta restrita ao restaurante resolvido (1.6553ms)
✔ rejeita identificador inválido antes de consultar dados de qualquer tenant (1.0934ms)
✔ não publica revisão de restaurante inexistente ou inativo (1.3497ms)
✔ mantém a cor personalizada na configuração pública (2400.6286ms)
✔ expõe somente os campos públicos necessários para a Home respeitar a configuração (2175.7407ms)
✔ troca imagens base64 por recursos HTTP versionados e mantém URLs externas (2085.0811ms)
✔ não publica um restaurante que foi desativado (0.7047ms)
✔ usa uma cor segura quando o restaurante ainda não possui configurações (2472.8111ms)
✔ carrega a identidade do restaurante ativo ao abrir o login diretamente (2003.7729ms)
✔ envia ao Asaas todos os campos obrigatórios usando AdminSettings e renda informada (89.6766ms)
✔ rejeita onboarding antes de chamar o Asaas quando a renda mensal não foi informada (1.5241ms)
✔ aplica timeout explicito e nunca devolve a chave PIX completa (62.1523ms)
✔ marca a solicitacao como falha e retorna erro seguro quando o timeout dispara (3.7801ms)
✔ nao repassa ao cliente erro do provedor que contenha a chave PIX (3.0886ms)
✔ embute e recupera uma referencia interna opaca na descricao (1.9079ms)
✔ aprova somente PIX com valor e solicitacao pendente correspondentes (0.9463ms)
✔ recusa solicitacao ausente, expirada, divergente ou ja consumida (0.1931ms)
✔ aceita repeticao idempotente apenas para a mesma transferencia (0.1752ms)
✔ normaliza valores monetários e rejeita números negativos (1.784ms)
✔ aceita somente cores e fontes disponíveis na interface (0.4332ms)
✔ valida redes sociais e bloqueia referências inseguras ou ambíguas (0.4368ms)
✔ normaliza WhatsApp no limite internacional E.164 (0.2899ms)
✔ valida inteiros operacionais e dígitos de CPF/CNPJ (0.6762ms)
✔ normaliza e valida endereço do estabelecimento (1.2447ms)
✔ rejeita CEP e UF inválidos (0.2603ms)
✔ aceita URL HTTPS persistente (1.1073ms)
✔ aceita imagem WebP codificada em data URL (0.2309ms)
✔ rejeita URL blob temporária (0.5032ms)
✔ rejeita texto que não representa imagem (0.1837ms)
✔ expõe somente id e disponibilidade, sem motivo ou fatura (133.0399ms)
✔ informa quando o acesso foi restabelecido (20.4739ms)
✔ usa trial do plano, senha forte de oito caracteres e auditoria no mesmo contexto (601.7328ms)
✔ rejeita senha temporária fraca antes de consultar ou gravar dados (4.8116ms)
✔ lista restaurante com o preço atual do catálogo persistido (30.4934ms)
✔ banner update is scoped to the authenticated restaurant (33.481ms)
✔ banner delete is scoped to the authenticated restaurant (0.6127ms)
✔ coupon update is scoped to the authenticated restaurant (0.5987ms)
✔ coupon delete is scoped to the authenticated restaurant (0.4748ms)
✔ coupon update e delete repetem o tenant na própria escrita do Prisma (1.9938ms)
✔ bloqueia enquanto existe fatura vencida sem pagamento (1.7431ms)
✔ libera uma escolha quando a fatura foi paga depois do vencimento (0.2832ms)
✔ não reutiliza a mesma fatura para uma segunda escolha (0.2137ms)
✔ fatura pendente futura não bloqueia uma escolha já liberada (0.1896ms)
✔ metadados de auditoria preservam contexto e removem segredos em qualquer nível (2.2977ms)
✔ status do tenant preserva a causa financeira mesmo quando o billing desativou o restaurante (0.8971ms)
✔ status das faturas é traduzido sem confundir cancelamento com estorno (0.1865ms)
✔ status de suporte é derivado do último remetente sem prioridade ou SLA inventados (0.1713ms)
✔ MRR soma somente mensalidades das assinaturas ATIVA (0.1789ms)
✔ validação de configurações é estrita, normaliza valores e exige version (42.1893ms)
✔ alteração de plano exige version, ao menos uma mudança e rejeita campos extras (0.6757ms)
✔ operações de bloqueio exigem justificativa auditável (0.2964ms)
✔ novo administrador aceita senha forte com oito caracteres e exige confirmação idêntica (1.5519ms)
✔ resposta do suporte pode encerrar a conversa sem aceitar campos arbitrários (1.0157ms)
✔ políticas retornam o contrato agrupado e reconhecem integrações sem expor segredos (2.4785ms)
✔ placeholders de deploy não são apresentados como integração configurada (0.2491ms)
✔ RBAC do painel rejeita requisição sem autenticação (1.065ms)
✔ RBAC do painel rejeita ADMIN de restaurante (0.7576ms)
✔ RBAC do painel libera exclusivamente SUPER_ADMIN (0.1894ms)
✔ produção habilita o bootstrap por padrão e normaliza sua identidade (2.5986ms)
✔ fora de produção o bootstrap só executa mediante opt-in explícito (0.2223ms)
✔ valida identidade, fonte única do segredo e caminho absoluto (0.9881ms)
✔ senha inicial exige comprimento, diversidade e rejeita placeholders (0.2911ms)
✔ reinício apenas confirma o único SUPER_ADMIN esperado e não relê a senha (30.7654ms)
✔ primeira inicialização cria conta isolada, MFA e troca obrigatória de senha (2.2216ms)
✔ aceita secret file e nunca persiste a senha original (0.6289ms)
✔ falha fechada para duplicidade, identidade diferente ou email já ocupado (0.948ms)
✔ dashboard separa faturamento gerado, recebimentos mensais e MRR sem mascarar status (50.6017ms)
[REALTIME_TRANSPORT_NOT_CONFIGURED]
✔ responde, encerra e audita uma conversa da plataforma no mesmo tenant (41.5613ms)
✔ resposta comum mantém a conversa aberta para o restaurante (0.6997ms)
✔ concorrência otimista rejeita versão antiga sem gravar auditoria (69.3669ms)
✔ alteração confirmada grava auditoria na transação e invalida o cache após o commit (2.6714ms)
✔ aceita somente valores monetários inteiros, não negativos e seguros (2.4188ms)
✔ divide centavos exatamente e entrega o resto às primeiras partes (1.1607ms)
✔ calcula taxa de serviço em basis points sem ponto flutuante (0.366ms)
✔ calcula saldo sem número negativo e expõe pagamento a maior (0.3963ms)
✔ exige antecipação pelo saldo projetado somente quando ultrapassa o limite (0.3025ms)
✔ reconhece janelas de antecipação comuns e que atravessam a meia-noite (0.2387ms)
✔ normaliza identidade do participante e mantém telefone opcional (2.0316ms)
✔ valida a decisão entre conta da mesa e pagamento imediato (0.6238ms)
✔ aceita seleção de itens segura e rejeita totais ou restaurantId do cliente (1.2552ms)
✔ separa divisão igual e permite pagamento presencial para a seleção escolhida (0.6319ms)
✔ aplica padrões seguros às configurações e não escolhe provedor (23.681ms)
✔ rejeita configuração incoerente e motivo insuficiente (1.0439ms)
✔ mantém taxa obrigatória sob autoridade do backend (0.1661ms)
✔ limita confirmação manual ao admin e ao garçom do restaurante (0.2299ms)
✔ só finaliza cancelamento financeiro seguro e controla transições de pagamento (0.1866ms)
✔ confirma manualmente somente solicitações presenciais sem provedor online (0.1401ms)
✔ mantém fechada a matriz completa de transições do pagamento (0.1984ms)
✔ converte valores decimais em centavos sem arredondamento flutuante (1.4311ms)
✔ distribui desconto por unidade e preserva exatamente o total (1.7129ms)
✔ cada quantidade vira uma unidade financeira com índice próprio (0.4344ms)
✔ calcula pagamento parcial sem liberar nem cobrar centavos duas vezes (2.1623ms)
✔ reserva expirada deixa de bloquear o item (0.2345ms)
✔ preserva itens legados pagos que ainda não possuem alocação (0.1661ms)
✔ distribui uma parte igual por várias unidades e preserva o centavo final (0.2766ms)
✔ rejeita alocações concorrentes que ultrapassem o preço da unidade (0.5217ms)
✔ paga somente os itens do participante sem confiar em IDs do cliente (1.9453ms)
✔ divide 101 centavos em três e reserva exatamente a primeira parte (0.2862ms)
✔ dois clientes não conseguem reservar a mesma conta simultaneamente (0.5177ms)
✔ seleção adulterada com item ausente falha por inteiro (0.2293ms)
✔ confirma pagamento online apenas quando a reserva continua ativa (1.5618ms)
✔ pagamento recusado libera o saldo por uma transição terminal (0.1528ms)
✔ aprovação depois da expiração não reabre a intenção e exige estorno (0.1373ms)
✔ evento repetido após pagamento não aplica uma segunda transição (0.1637ms)
✔ continua as demais mesas e sinaliza retry quando uma expiração falha (29.729ms)
✔ reconcilia Pix waiting sem converter valor ausente em zero (38.5724ms)
✔ reconcilia Pix DECLINED sem converter valor ausente em zero (1.0708ms)
✔ reconcilia Pix rejected sem converter valor ausente em zero (2.4877ms)
✔ reconcilia Pix CANCELED sem converter valor ausente em zero (0.8062ms)
✔ reconcilia Pix cancelled sem converter valor ausente em zero (0.8752ms)
✔ não confirma Pix aprovado com valor inválido ou divergente: null (1.3557ms)
✔ não confirma Pix aprovado com valor inválido ou divergente: undefined (0.9572ms)
✔ não confirma Pix aprovado com valor inválido ou divergente: NaN (1.8167ms)
✔ não confirma Pix aprovado com valor inválido ou divergente: Infinity (0.6822ms)
✔ não confirma Pix aprovado com valor inválido ou divergente: 0 (0.7413ms)
✔ não confirma Pix aprovado com valor inválido ou divergente: 29.99 (0.49ms)
✔ não confirma Pix aprovado com valor inválido ou divergente: 30.01 (0.43ms)
✔ exige valor também quando o status bruto do provedor indica pagamento (0.5106ms)
✔ confirma Pix com valor validado e correspondente à intenção deste restaurante (0.3751ms)
✔ continua rejeitando valor divergente informado em Pix pendente (0.5727ms)
✔ não consulta o provedor quando a intenção não pertence ao escopo informado (0.2766ms)
✔ Pix PagBank com QR válido e ainda sem cobrança permanece pendente (0.3877ms)
✔ não aceita ID remoto trocado, moeda divergente ou cobranças ambíguas (1.7296ms)
✔ cria cobrança simulada idempotente sem armazenar dados de cartão (17.205ms)
✔ valida assinatura, valor e evento do webhook simulado (1.2744ms)
✔ simula a confirmacao assincrona usada no desenvolvimento (0.5217ms)
✔ estorna uma cobrança simulada de forma idempotente (0.557ms)
✔ permanece bloqueado em produção mesmo com enabled explícito (1.0571ms)
✔ MP: reusa estorno dos pedidos com tenant/chave estável e só confirma depois da consulta (39.4314ms)
✔ MP: cancelamento de pendente usa PUT e reconcilia estado confirmado (1.3163ms)
✔ checkout preference ambíguo nunca é convertido em estorno de outro pedido (0.7382ms)
✔ não estorna cobrança com evidência divergente {"id":9999,"currency_id":"BRL","transaction_amount":30} (0.7233ms)
✔ não estorna cobrança com evidência divergente {"id":1234,"currency_id":"USD","transaction_amount":30} (0.7718ms)
✔ não estorna cobrança com evidência divergente {"id":1234,"currency_id":"BRL","transaction_amount":1} (4.0734ms)
✔ Asaas: HTTP aceito com estorno pendente não vira REFUNDED (1.7211ms)
✔ Asaas: soma somente devoluções DONE, sem contar PENDING/CANCELLED (0.9837ms)
✔ PagBank: cancelado só representa estorno quando devolução integral está comprovada (1.204ms)
✔ confirma dinheiro presencial e publica a atualização canônica da mesa (34.3472ms)
✔ rejeita confirmação manual de Pix ou cartão online mesmo com registro adulterado (1.1958ms)
✔ repetição por outro funcionário retorna o pagamento já confirmado sem cobrar novamente (0.6158ms)
✔ monta a conta com centavos exatos, ignora cancelados e não expõe dados de pagamento (4728.2383ms)
✔ mantém o acesso preso à combinação de sessão, restaurante e participante (2004.0585ms)
✔ taxa de pagamento estornado permanece no histórico sem voltar ao saldo devido (2003.4344ms)
✔ não conta convidado expirado como acesso ativo e preserva o registro no histórico (2005.1894ms)
✔ rejeita identificadores inválidos antes de consultar o repositório (0.3876ms)
✔ lista somente pagamentos presenciais ativos e mantém consultas no restaurante do garçom (37.5418ms)
✔ consulta o provedor e aplica somente a transição canônica do pagamento pertencente ao cliente (32.554ms)
✔ rejeita divergência do provedor sem encaminhar qualquer transição (1.2444ms)
✔ não revela pagamento de outra participação nem consulta o provedor (0.9108ms)
✔ mescla um PATCH e persiste somente no restaurante autenticado (64.1444ms)
✔ não aceita restaurantId no payload nem persiste configuração incoerente (1.8471ms)
✔ resolve gateway persistido, sem usar fake por padrão nem aceitar provider divergente (26.6469ms)
✔ estorno confirmado usa um claim durável e replay não repete rede (1.6315ms)
✔ não registra sucesso para retorno PENDING/3000/1234 (0.4811ms)
✔ não registra sucesso para retorno REFUNDED/1/1234 (0.4959ms)
✔ não registra sucesso para retorno REFUNDED/3000/other (0.7019ms)
✔ falha ambígua não reenvia estorno: repetição consulta e confirma o valor já devolvido (0.8302ms)
✔ duas solicitações concorrentes não enviam dois estornos (0.5904ms)
✔ cancelamento remoto não suportado fica registrado para revisão manual (0.4716ms)
✔ persiste somente SHA-256 da chave de idempotência (2.5746ms)
✔ fingerprint é estável para a mesma seleção e preso ao participante (22.3898ms)
✔ histórico administrativo expõe auditoria útil sem devolver metadados arbitrários (1.9023ms)
✔ gera token imprevisível e persiste somente um hash SHA-256 (1.6153ms)
✔ isola o cookie pelo identificador público da sessão (0.7ms)
✔ token nunca ultrapassa a expiração da sessão e cookie é HttpOnly (1.5599ms)
✔ isola o fechamento pelo restaurantId do token (29.4394ms)
✔ bloqueia fechamento enquanto existe pedido ou pagamento pendente (0.7666ms)
✔ fecha a mesa e encerra chamados ativos após todos os pedidos pagos e entregues (1.5635ms)
✔ consulta somente pedidos MESA vinculados exatamente à sessão e ao restaurante (0.406ms)
✔ consulta operacional também isola sessão, restaurante e canal MESA (0.4608ms)
✔ fechamento forçado registra motivo e cancela reservas financeiras ativas (26.8744ms)
✔ fechamento forçado não atravessa o tenant do administrador (1.1534ms)
✔ cria convidado sem persistir ou devolver o token original no DTO público (27.2126ms)
✔ recarregar com cookie válido recupera o mesmo convidado sem duplicar (1.6843ms)
✔ token de outra mesa ou expirado não concede acesso e cria nova identidade (0.8934ms)
✔ login associa o convidado ativo ao usuário sem criar outro participante (3.083ms)
✔ login mescla o convidado no participante autenticado sem duplicar pedidos (0.8187ms)
✔ cliente autenticado precisa continuar ativo no banco (1.0193ms)
✔ repositório rejeita convidado expirado e sempre consulta sessão e tenant juntos (0.4399ms)
✔ entra automaticamente somente na sessão OPEN resolvida pelo token do QR (34.1841ms)
✔ não libera o cardápio quando o garçom ainda não abriu a mesa (2.5737ms)
✔ mantém a conta acessível e bloqueia novos pedidos quando o fechamento foi solicitado (0.4883ms)
✔ não retorna sessão quando pedidos por mesa estão desativados (0.4093ms)
✔ repositório busca somente a sessão OPEN não expirada mais recente (0.4952ms)
✔ repositório de token mantém OPEN e CLOSING_REQUESTED acessíveis, mas exclui encerradas e expiradas (0.4292ms)
✔ abre mesa sem gerar ou expor PIN e retorna somente dados seguros da sessão (41.2593ms)
✔ não cria uma segunda sessão quando já existe uma OPEN não expirada (1.2589ms)
✔ encerra todas as sessões OPEN expiradas e avisa os clientes antes de abrir uma nova (1.3549ms)
✔ falha de realtime ao avisar expiração não impede a nova abertura (1.6315ms)
✔ não abre mesa quando o administrador desativou pedidos pelo cardápio de mesa (0.7012ms)
✔ mantém o endpoint legado de PIN explicitamente desativado (1.434ms)
✔ não aceita PIN mesmo quando o payload antigo está completo (0.3026ms)
✔ retorna estado operacional, sessão, clientes e total para a aba de mesas (31.5059ms)
✔ consulta do repositório isola restaurante e ignora sessões expiradas (2.7341ms)
✔ não permite excluir mesa enquanto existir sessão operacional ativa (0.4606ms)
✔ resolve a mesa pelo número e pelo restaurante sem confundir com o id interno (30.6466ms)
✔ rejeita QR sem restaurante e aceita id interno antigo quando o token é válido (1.2178ms)
✔ rejeita restaurante fora do plano de cardápio de mesa (0.561ms)
✔ admin cria a mesa já vinculada a um token criptográfico opaco (26.3447ms)
✔ consulta individual usa id e tenant juntos e só expõe token para admin (2.7553ms)
✔ repositório restringe a mesa pelo restaurante na própria consulta (0.4467ms)
✔ controller solicita token somente quando o papel autenticado é ADMIN (0.5168ms)
✔ garçom não atravessa o middleware administrativo de mesas (0.4139ms)
✔ ADMIN do Restaurante A não altera uma mesa real pertencente ao Restaurante B (27.9561ms)
✔ cria chamado usando exclusivamente o contexto tenant da sessão aberta (34.926ms)
✔ não cria chamado para sessão expirada, fechada ou pertencente a outro restaurante (1.2868ms)
✔ respeita flags WAITER/BILL e mantém cliques repetidos idempotentes (0.976ms)
✔ lista somente no restaurantId autenticado e valida filtros (6.4006ms)
✔ aplica WAITING → IN_PROGRESS → RESOLVED e protege responsável/tenant (1.1087ms)
✔ somente o garçom responsável ou um admin pode concluir (0.6939ms)
✔ evento de conta da mesa alcança cliente e equipes com payload adequado (9.7386ms)
✔ abertura e fechamento de mesa publicam somente nas salas esperadas (1.2991ms)
✔ chamadas de garçom notificam somente as salas operacionais (0.6335ms)
[REALTIME_RELAY_WRITE_FAILED]
[REALTIME_RELAY_POLL_FAILED]
[REALTIME_RELAY_WRITE_FAILED]
[REALTIME_RELAY_POLL_FAILED]
✔ relay recupera escrita sem tráfego HTTP (subscriber=true) (38.6522ms)
✔ relay recupera escrita sem tráfego HTTP (subscriber=false) (0.8178ms)
✔ publica eventos globais e por sala pelo transporte registrado (2.1005ms)
✔ disposer antigo não remove um transporte registrado depois (0.211ms)
✔ sem transporte o publisher é um no-op explícito (0.2606ms)
✔ adaptador encaminha emissões globais e por sala ao Socket.IO (1.842ms)
✔ impede múltiplas réplicas com proteções e eventos apenas em memória (1.7099ms)
✔ middlewares privados negam contas sem tenant positivo (2.8655ms)
✔ repositório de mesas inclui restaurantId na própria escrita (26.3368ms)
✔ repositório de funcionários não pode atualizar outra role ou outro tenant (0.7415ms)
✔ leituras e fechamentos de sessão de mesa são atomicamente isolados por tenant (1.2148ms)
✔ não envia confirmação nem mudança de status quando o restaurante desativou os avisos (37.642ms)
✔ respeita o desligamento geral do WhatsApp do mesmo restaurante (0.443ms)
✔ mantém compatibilidade quando mocks antigos não possuem os novos campos (0.6084ms)
✔ não consulta outro tenant e bloqueia quando não há configurações para o restaurantId (1.0559ms)
✔ falha fechada, registra o erro técnico somente no servidor e retorna motivo seguro (0.7239ms)
✔ payload legado sem restaurantId não dispara consulta global ou cruzada (0.3314ms)
✔ redactTelemetryText remove credenciais, tokens e PII básica de texto livre (2.1019ms)
✔ sanitizeTelemetryValue redige por chave, trata ciclos e impõe orçamento global (3.2884ms)
✔ limites de texto e profundidade preservam tamanho máximo (0.2285ms)
✔ telemetryPath remove query, fragmento, credenciais e redige PII na rota (0.3593ms)
✔ safeErrorSummary mantém apenas nome e mensagem redigida, sem stack (2.3693ms)
🔌 conectado: courier-socket
🔌 conectado: courier-socket
🔌 conectado: courier-socket
🔌 conectado: courier-socket
🔌 conectado: courier-socket
🔌 conectado: courier-socket
🔌 conectado: courier-socket
🔌 conectado: courier-socket
[DELIVERY_LOCATION_UPDATE_FAILED] { orderId: 91, courierId: 31, restaurantId: 7, errorType: 'Error' }
🔌 conectado: courier-socket
[DELIVERY_LOCATION_UPDATE_FAILED] { orderId: null, courierId: 31, restaurantId: 7, errorType: 'Error' }
✔ persiste GPS da conta atribuída e emite somente ao cliente e admin do tenant (33.1603ms)
✔ handshake do motoqueiro confirma conta ativa e tenant no banco (6.3916ms)
✔ handshake do admin confirma conta ativa e tenant antes de liberar a sala privada (1.3898ms)
✔ não vaza nem persiste localização de outro courier, tenant, cliente ou pedido encerrado (1.5258ms)
✔ revalidação transacional bloqueia GPS quando a entrega encerra após a leitura inicial (0.8395ms)
✔ limita cada pedido separadamente sem suprimir uma segunda entrega (1.1781ms)
✔ falha de persistência retorna ack amigável e não gera rejeição não tratada (0.9646ms)
✔ payload malformado também recebe ack seguro sem exceção não tratada (0.9951ms)
✔ normaliza uma posição recente e preserva zero como valor válido (18.5296ms)
✔ recusa coordenadas, telemetria, precisão ruim e horários manipulados (0.6444ms)
✔ formats a named employee issue for the administrator (2.9214ms)
✔ requires the employee name for an issue (0.241ms)
✔ rejects an employee issue with an unknown reporter role (0.186ms)
🔌 conectado: socket-test
🔌 conectado: socket-test
🔌 conectado: socket-test
🔌 conectado: socket-test
🔌 conectado: socket-test
🔌 conectado: socket-test
✔ token do cozinheiro mantém subperfil e tenant no handshake (35.5352ms)
✔ cozinha entra somente nas salas realtime do próprio restaurante (2.6092ms)
✔ funcionário sem subperfil não entra na sala operacional do restaurante (0.5867ms)
✔ garçom entra apenas na room específica do salão do próprio tenant (0.6889ms)
✔ atendente entra somente na room de invalidação do próprio tenant (0.5283ms)
✔ admin entra somente nas rooms do próprio tenant e nunca em sala global (0.5709ms)
✔ sessão de mesa entra apenas nas rooms da mesa e da própria sessão (0.7737ms)
✔ socket mantém a conta da mesa conectada no status OPEN (0.6117ms)
✔ socket mantém a conta da mesa conectada no status CLOSING_REQUESTED (0.4845ms)
✔ socket rejeita sessão da mesa encerrada (0.4382ms)
✔ mantém socket somente quando conta e claims continuam iguais (0.9602ms)
✔ desautoriza socket ao desativar, revogar ou alterar permissão/tenant (0.197ms)
✔ tokens legados locais ainda verificam conta, role e tenant (0.1696ms)
✔ handshake versionado usa role e tenant atuais do banco (30.8555ms)
✔ handshake rejeita conta inativa ou authVersion revogada (1.4222ms)
✔ handshake nunca aceita refresh token como access token (1.0591ms)
✔ handshake rejeita conta que ainda precisa trocar a senha (0.9961ms)
✔ permite relatos de funções operacionais e identifica o remetente (1.8703ms)
✔ mantém o chat restrito aos perfis permitidos (0.2037ms)
✔ separa relatos internos da fila exclusiva do SUPER_ADMIN (0.2526ms)
🔌 conectado: waiting-client
✔ autentica a espera pública somente após validar o QR da mesa (22.9942ms)
✔ isola o cliente aguardando na sala da mesa validada (1.5466ms)
✔ normaliza o código e aplica padrões seguros ao cupom de fidelidade (7.416ms)
✔ rejeita percentual acima de 100 e requisitos de fidelidade inválidos (0.9248ms)
✔ aceita limpar validade e interpreta corretamente o booleano falso (0.3016ms)
✔ aceita montagem agrupada e normaliza a observação do item (4.5637ms)
✔ rejeita observação acima do limite operacional (0.7938ms)
✔ aceita somente um identificador de cupom resgatado por pedido (0.6977ms)
✔ limita quantidade por item antes de criar unidades financeiras (0.4028ms)
✔ limita a quantidade total mesmo com vários itens válidos (0.4018ms)
✔ aceita pedido de mesa sem telefone e normaliza uma string vazia (0.2405ms)
✔ rejeita telefone opcional quando ele é informado sem DDD válido (0.4912ms)
✔ schema compartilhado aceita senha base válida (4.018ms)
✔ schema compartilhado informa todos os requisitos ausentes (0.9493ms)
✔ schemas administrativos aceitam senha forte com exatamente oito caracteres (0.7698ms)
✔ schema temporário mantém o rótulo e rejeita menos de oito caracteres (0.3083ms)
✔ aceita desconto fixo com vigência e aviso opcional (4.5316ms)
✔ rejeita percentual acima de 100 e período invertido (1.5164ms)
✔ aceita categoria obrigatória com mínimo de uma escolha (4.2133ms)
✔ aceita categoria opcional somente com mínimo zero (1.0061ms)
✔ exige um preço final numérico no modo ABSOLUTE (0.4261ms)
ℹ tests 1004
ℹ suites 0
ℹ pass 1004
ℹ fail 0
ℹ cancelled 0
ℹ skipped 0
ℹ todo 0
ℹ duration_ms 25704.5216
